ARM Linker, 4.1 [Build 481] [Standard]

==============================================================================

Section Cross References

    startup_stm32f10x_hd.o(RESET) refers to startup_stm32f10x_hd.o(STACK) for __initial_sp
    startup_stm32f10x_hd.o(RESET) refers to startup_stm32f10x_hd.o(.text) for Reset_Handler
    startup_stm32f10x_hd.o(RESET) refers to stm32f10x_it.o(.text) for NMI_Handler
    startup_stm32f10x_hd.o(RESET) refers to os_cpu_a.o(.text) for OS_CPU_PendSVHandler
    startup_stm32f10x_hd.o(RESET) refers to delay v2.0.o(.text) for SysTick_Handler
    startup_stm32f10x_hd.o(RESET) refers to task_rtc.o(.text) for RTC_IRQHandler
    startup_stm32f10x_hd.o(RESET) refers to exti.o(.text) for EXTI0_IRQHandler
    startup_stm32f10x_hd.o(RESET) refers to adc.o(.text) for DMA1_Channel1_IRQHandler
    startup_stm32f10x_hd.o(RESET) refers to usart1.o(.text) for DMA1_Channel5_IRQHandler
    startup_stm32f10x_hd.o(RESET) refers to indkey.o(.text) for EXTI15_10_IRQHandler
    startup_stm32f10x_hd.o(RESET) refers to timer.o(.text) for TIM5_IRQHandler
    startup_stm32f10x_hd.o(.text) refers to system_stm32f10x.o(.text) for SystemInit
    startup_stm32f10x_hd.o(.text) refers to entry.o(.ARM.Collect$$$$00000000) for __main
    main.o(.text) refers to system_stm32f10x.o(.text) for SystemInit
    main.o(.text) refers to os_core.o(.text) for OSInit
    main.o(.text) refers to os_mutex.o(.text) for OSMutexCreate
    main.o(.text) refers to os_task.o(.text) for OSTaskCreate
    main.o(.text) refers to os_cpu_a.o(.text) for OS_CPU_SR_Save
    main.o(.text) refers to delay v2.0.o(.text) for DelayInit
    main.o(.text) refers to pincfg.o(.text) for PinCfg
    main.o(.text) refers to tft_drive.o(.text) for FSMC_LCD_Init
    main.o(.text) refers to guicore.o(.text) for GUI_Init
    main.o(.text) refers to tsc2046.o(.text) for TSC2046_Config
    main.o(.text) refers to usart1.o(.text) for USART1_Config
    main.o(.text) refers to dac v2.0.o(.text) for DAC_Config
    main.o(.text) refers to adc.o(.text) for ADC1_Init
    main.o(.text) refers to exti.o(.text) for EXTI_Config
    main.o(.text) refers to indkey.o(.text) for Key_EXTI_Config
    main.o(.text) refers to timer.o(.text) for TIM5_Config
    main.o(.text) refers to task_rtc.o(.text) for RTC_Init
    main.o(.text) refers to oscilloscope.o(.text) for ManualGainScan
    main.o(.text) refers to iwdg.o(.text) for IWDG_Init
    main.o(.text) refers to main.o(.data) for .data
    main.o(.text) refers to main.o(.bss) for .bss
    main.o(.text) refers to app.o(.text) for Task_Start
    usart1.o(.text) refers to stm32f10x_rcc.o(.text) for RCC_APB2PeriphClockCmd
    usart1.o(.text) refers to stm32f10x_gpio.o(.text) for GPIO_Init
    usart1.o(.text) refers to stm32f10x_usart.o(.text) for USART_Init
    usart1.o(.text) refers to stm32f10x_dma.o(.text) for DMA_DeInit
    usart1.o(.text) refers to misc.o(.text) for NVIC_PriorityGroupConfig
    usart1.o(.text) refers to task_main.o(.text) for ReceiveDataFromPC
    usart1.o(.text) refers to os_core.o(.text) for OSIntExit
    usart1.o(.text) refers to usart1.o(.bss) for .bss
    usart1.o(.text) refers to os_core.o(.data) for OSIntNesting
    delay v2.0.o(.text) refers to misc.o(.text) for SysTick_CLKSourceConfig
    delay v2.0.o(.text) refers to os_core.o(.text) for OSIntEnter
    delay v2.0.o(.text) refers to os_time.o(.text) for OSTimeDly
    delay v2.0.o(.text) refers to system_stm32f10x.o(.data) for SystemCoreClock
    delay v2.0.o(.text) refers to delay v2.0.o(.data) for .data
    delay v2.0.o(.text) refers to os_core.o(.data) for OSRunning
    pincfg.o(.text) refers to stm32f10x_rcc.o(.text) for RCC_APB2PeriphClockCmd
    pincfg.o(.text) refers to stm32f10x_gpio.o(.text) for GPIO_Init
    pincfg.o(.text) refers to os_time.o(.text) for OSTimeDlyHMSM
    adc.o(.text) refers to stm32f10x_rcc.o(.text) for RCC_AHBPeriphClockCmd
    adc.o(.text) refers to stm32f10x_gpio.o(.text) for GPIO_Init
    adc.o(.text) refers to stm32f10x_dma.o(.text) for DMA_DeInit
    adc.o(.text) refers to misc.o(.text) for NVIC_PriorityGroupConfig
    adc.o(.text) refers to stm32f10x_tim.o(.text) for TIM_TimeBaseStructInit
    adc.o(.text) refers to stm32f10x_adc.o(.text) for ADC_Init
    adc.o(.text) refers to os_core.o(.text) for OSIntExit
    adc.o(.text) refers to adc.o(.bss) for .bss
    adc.o(.text) refers to os_core.o(.data) for OSIntNesting
    adc.o(.text) refers to task_main.o(.bss) for WaveCtrl
    dac v2.0.o(.text) refers to stm32f10x_rcc.o(.text) for RCC_APB1PeriphClockCmd
    dac v2.0.o(.text) refers to stm32f10x_tim.o(.text) for TIM_TimeBaseInit
    dac v2.0.o(.text) refers to stm32f10x_gpio.o(.text) for GPIO_Init
    dac v2.0.o(.text) refers to stm32f10x_dac.o(.text) for DAC_Init
    dac v2.0.o(.text) refers to stm32f10x_dma.o(.text) for DMA_DeInit
    dac v2.0.o(.text) refers to ffltui.o(.text) for __aeabi_ui2f
    dac v2.0.o(.text) refers to fdiv.o(.text) for __aeabi_fdiv
[...]
    TIM_ICStructInit                         0x080044cd   Thumb Code    16  stm32f10x_tim.o(.text)
    TIM_BDTRStructInit                       0x080044dd   Thumb Code    18  stm32f10x_tim.o(.text)
    TIM_Cmd                                  0x080044ef   Thumb Code    22  stm32f10x_tim.o(.text)
    TIM_CtrlPWMOutputs                       0x08004505   Thumb Code    30  stm32f10x_tim.o(.text)
    TIM_ITConfig                             0x08004523   Thumb Code    20  stm32f10x_tim.o(.text)
    TIM_GenerateEvent                        0x08004537   Thumb Code     4  stm32f10x_tim.o(.text)
    TIM_DMAConfig                            0x0800453b   Thumb Code     8  stm32f10x_tim.o(.text)
    TIM_DMACmd                               0x08004543   Thumb Code    20  stm32f10x_tim.o(.text)
    TIM_InternalClockConfig                  0x08004557   Thumb Code    10  stm32f10x_tim.o(.text)
    TIM_SelectInputTrigger                   0x08004561   Thumb Code    12  stm32f10x_tim.o(.text)
    TIM_ITRxExternalClockConfig              0x0800456d   Thumb Code    20  stm32f10x_tim.o(.text)
    TIM_TIxExternalClockConfig               0x08004581   Thumb Code    48  stm32f10x_tim.o(.text)
    TIM_ETRConfig                            0x080045b1   Thumb Code    22  stm32f10x_tim.o(.text)
    TIM_ETRClockMode1Config                  0x080045c7   Thumb Code    32  stm32f10x_tim.o(.text)
    TIM_ETRClockMode2Config                  0x080045e7   Thumb Code    20  stm32f10x_tim.o(.text)
    TIM_PrescalerConfig                      0x080045fb   Thumb Code     6  stm32f10x_tim.o(.text)
    TIM_CounterModeConfig                    0x08004601   Thumb Code    12  stm32f10x_tim.o(.text)
    TIM_EncoderInterfaceConfig               0x0800460d   Thumb Code    52  stm32f10x_tim.o(.text)
    TIM_ForcedOC1Config                      0x08004641   Thumb Code    12  stm32f10x_tim.o(.text)
    TIM_ForcedOC2Config                      0x0800464d   Thumb Code    14  stm32f10x_tim.o(.text)
    TIM_ForcedOC3Config                      0x0800465b   Thumb Code    12  stm32f10x_tim.o(.text)
    TIM_ForcedOC4Config                      0x08004667   Thumb Code    14  stm32f10x_tim.o(.text)
    TIM_ARRPreloadConfig                     0x08004675   Thumb Code    22  stm32f10x_tim.o(.text)
    TIM_SelectCOM                            0x0800468b   Thumb Code    22  stm32f10x_tim.o(.text)
    TIM_SelectCCDMA                          0x080046a1   Thumb Code    22  stm32f10x_tim.o(.text)
    TIM_CCPreloadControl                     0x080046b7   Thumb Code    22  stm32f10x_tim.o(.text)
    TIM_OC1PreloadConfig                     0x080046cd   Thumb Code    12  stm32f10x_tim.o(.text)
    TIM_OC2PreloadConfig                     0x080046d9   Thumb Code    14  stm32f10x_tim.o(.text)
    TIM_OC3PreloadConfig                     0x080046e7   Thumb Code    12  stm32f10x_tim.o(.text)
    TIM_OC4PreloadConfig                     0x080046f3   Thumb Code    14  stm32f10x_tim.o(.text)
    TIM_OC1FastConfig                        0x08004701   Thumb Code    12  stm32f10x_tim.o(.text)
    TIM_OC2FastConfig                        0x0800470d   Thumb Code    14  stm32f10x_tim.o(.text)
    TIM_OC3FastConfig                        0x0800471b   Thumb Code    12  stm32f10x_tim.o(.text)
    TIM_OC4FastConfig                        0x08004727   Thumb Code    14  stm32f10x_tim.o(.text)
    TIM_ClearOC1Ref                          0x08004735   Thumb Code    12  stm32f10x_tim.o(.text)
    TIM_ClearOC2Ref                          0x08004741   Thumb Code    14  stm32f10x_tim.o(.text)
    TIM_ClearOC3Ref                          0x0800474f   Thumb Code    12  stm32f10x_tim.o(.text)
    TIM_ClearOC4Ref                          0x0800475b   Thumb Code    14  stm32f10x_tim.o(.text)
    TIM_OC1PolarityConfig                    0x08004769   Thumb Code    12  stm32f10x_tim.o(.text)
    TIM_OC1NPolarityConfig                   0x08004775   Thumb Code    12  stm32f10x_tim.o(.text)
    TIM_OC2PolarityConfig                    0x08004781   Thumb Code    14  stm32f10x_tim.o(.text)
    TIM_OC2NPolarityConfig                   0x0800478f   Thumb Code    14  stm32f10x_tim.o(.text)
    TIM_OC3PolarityConfig                    0x0800479d   Thumb Code    20  stm32f10x_tim.o(.text)
    TIM_OC3NPolarityConfig                   0x080047b1   Thumb Code    14  stm32f10x_tim.o(.text)
    TIM_OC4PolarityConfig                    0x080047bf   Thumb Code    14  stm32f10x_tim.o(.text)
    TIM_CCxCmd                               0x080047cd   Thumb Code    26  stm32f10x_tim.o(.text)
    TIM_CCxNCmd                              0x080047e7   Thumb Code    26  stm32f10x_tim.o(.text)
    TIM_SelectOCxM                           0x08004801   Thumb Code    82  stm32f10x_tim.o(.text)
    TIM_UpdateDisableConfig                  0x08004853   Thumb Code    22  stm32f10x_tim.o(.text)
    TIM_UpdateRequestConfig                  0x08004869   Thumb Code    22  stm32f10x_tim.o(.text)
    TIM_SelectHallSensor                     0x0800487f   Thumb Code    22  stm32f10x_tim.o(.text)
    TIM_SelectOnePulseMode                   0x08004895   Thumb Code    16  stm32f10x_tim.o(.text)
    TIM_SelectOutputTrigger                  0x080048a5   Thumb Code    16  stm32f10x_tim.o(.text)
    TIM_SelectSlaveMode                      0x080048b5   Thumb Code    16  stm32f10x_tim.o(.text)
    TIM_SelectMasterSlaveMode                0x080048c5   Thumb Code    16  stm32f10x_tim.o(.text)
    TIM_SetCounter                           0x080048d5   Thumb Code     4  stm32f10x_tim.o(.text)
    TIM_SetAutoreload                        0x080048d9   Thumb Code     4  stm32f10x_tim.o(.text)
    TIM_SetCompare1                          0x080048dd   Thumb Code     4  stm32f10x_tim.o(.text)
    TIM_SetCompare2                          0x080048e1   Thumb Code     4  stm32f10x_tim.o(.text)
    TIM_SetCompare3                          0x080048e5   Thumb Code     4  stm32f10x_tim.o(.text)
    TIM_SetCompare4                          0x080048e9   Thumb Code     6  stm32f10x_tim.o(.text)
    TIM_SetClockDivision                     0x080048ef   Thumb Code    16  stm32f10x_tim.o(.text)
    TIM_GetCapture1                          0x080048ff   Thumb Code     4  stm32f10x_tim.o(.text)
    TIM_GetCapture2                          0x08004903   Thumb Code     4  stm32f10x_tim.o(.text)
    TIM_GetCapture3                          0x08004907   Thumb Code     4  stm32f10x_tim.o(.text)
    TIM_GetCapture4                          0x0800490b   Thumb Code     6  stm32f10x_tim.o(.text)
    TIM_GetCounter                           0x08004911   Thumb Code     4  stm32f10x_tim.o(.text)
    TIM_GetPrescaler                         0x08004915   Thumb Code     4  stm32f10x_tim.o(.text)
    TIM_GetFlagStatus                        0x08004919   Thumb Code    14  stm32f10x_tim.o(.text)
    TIM_ClearFlag                            0x08004927   Thumb Code     6  stm32f10x_tim.o(.text)
    TIM_GetITStatus                          0x0800492d   Thumb Code    20  stm32f10x_tim.o(.text)
    TIM_ClearITPendingBit                    0x08004941   Thumb Code     6  stm32f10x_tim.o(.text)
    SPI_I2S_DeInit                           0x08004949   Thumb Code   100  stm32f10x_spi.o(.text)
    SPI_Init                                 0x080049ad   Thumb Code    84  stm32f10x_spi.o(.text)
    I2S_Init                                 0x08004a01   Thumb Code   168  stm32f10x_spi.o(.text)
    SPI_StructInit                           0x08004aa9   Thumb Code    24  stm32f10x_spi.o(.text)
    I2S_StructInit                           0x08004ac1   Thumb Code    18  stm32f10x_spi.o(.text)
    SPI_Cmd                                  0x08004ad3   Thumb Code    22  stm32f10x_spi.o(.text)
    I2S_Cmd                                  0x08004ae9   Thumb Code    22  stm32f10x_spi.o(.text)
    SPI_I2S_ITConfig                         0x08004aff   Thumb Code    30  stm32f10x_spi.o(.text)
    SPI_I2S_DMACmd                           0x08004b1d   Thumb Code    20  stm32f10x_spi.o(.text)
    SPI_I2S_SendData                         0x08004b31   Thumb Code     4  stm32f10x_spi.o(.text)
    SPI_I2S_ReceiveData                      0x08004b35   Thumb Code     4  stm32f10x_spi.o(.text)
    SPI_NSSInternalSoftwareConfig            0x08004b39   Thumb Code    28  stm32f10x_spi.o(.text)
    SPI_SSOutputCmd                          0x08004b55   Thumb Code    22  stm32f10x_spi.o(.text)
    SPI_DataSizeConfig                       0x08004b6b   Thumb Code    16  stm32f10x_spi.o(.text)
    SPI_TransmitCRC                          0x08004b7b   Thumb Code    10  stm32f10x_spi.o(.text)
    SPI_CalculateCRC                         0x08004b85   Thumb Code    22  stm32f10x_spi.o(.text)
    SPI_GetCRC                               0x08004b9b   Thumb Code    12  stm32f10x_spi.o(.text)
    SPI_GetCRCPolynomial                     0x08004ba7   Thumb Code     4  stm32f10x_spi.o(.text)
    SPI_BiDirectionalLineConfig              0x08004bab   Thumb Code    26  stm32f10x_spi.o(.text)
    SPI_I2S_GetFlagStatus                    0x08004bc5   Thumb Code    14  stm32f10x_spi.o(.text)
    SPI_I2S_ClearFlag                        0x08004bd3   Thumb Code     6  stm32f10x_spi.o(.text)
    SPI_I2S_GetITStatus                      0x08004bd9   Thumb Code    46  stm32f10x_spi.o(.text)
    SPI_I2S_ClearITPendingBit                0x08004c07   Thumb Code    16  stm32f10x_spi.o(.text)
    SystemInit                               0x08004cb7   Thumb Code    68  system_stm32f10x.o(.text)
    SystemCoreClockUpdate                    0x08004cfb   Thumb Code   106  system_stm32f10x.o(.text)
    Task_Main                                0x08004d85   Thumb Code    50  app.o(.text)
    Task_GUI                                 0x08004db7   Thumb Code    24  app.o(.text)
    Task_SD                                  0x08004dcf   Thumb Code    20  app.o(.text)
    Task_RTC                                 0x08004de3   Thumb Code    58  app.o(.text)
    Task_TouchScreen                         0x08004e1d   Thumb Code    56  app.o(.text)
    Task_Start                               0x08004e55   Thumb Code   214  app.o(.text)
    Draw                                     0x08004f59   Thumb Code   864  task_gui.o(.text)
    DisplayWaveInfo                          0x080052b9   Thumb Code   482  task_gui.o(.text)
    ShowRealTimeWave                         0x0800549b   Thumb Code   468  task_gui.o(.text)
    ShowSavedWave                            0x0800566f   Thumb Code   348  task_gui.o(.text)
    ShowWelcomeScreen                        0x080057cb   Thumb Code   248  task_gui.o(.text)
    DrawControlPanel                         0x080058c3   Thumb Code   574  task_gui.o(.text)
    DrawPramPanel                            0x08005b01   Thumb Code     2  task_gui.o(.text)
    TouchEventDetected                       0x08005b03   Thumb Code  1836  task_gui.o(.text)
    WaveMode_Init                            0x08006235   Thumb Code    18  task_main.o(.text)
    TaskStackChack                           0x08006247   Thumb Code   114  task_main.o(.text)
    GetFrequence                             0x080062b9   Thumb Code    44  task_main.o(.text)
    GetWaveADCValue                          0x080062e5   Thumb Code    34  task_main.o(.text)
    PCtoMCU_Decoding                         0x08006307   Thumb Code   212  task_main.o(.text)
    ReceiveDataFromPC                        0x080063db   Thumb Code   562  task_main.o(.text)
    MCUtoPC_Coding                           0x0800660d   Thumb Code     2  task_main.o(.text)
    SendDataToPC                             0x0800660f   Thumb Code   522  task_main.o(.text)
    RTC_Config                               0x08006859   Thumb Code    88  task_rtc.o(.text)
    RTC_NVIC_Config                          0x080068b1   Thumb Code    40  task_rtc.o(.text)
    RTC_Init                                 0x080068d9   Thumb Code    60  task_rtc.o(.text)
    Set_RTC_Time_Manual                      0x08006915   Thumb Code    48  task_rtc.o(.text)
    Display_RTC_Time                         0x08006945   Thumb Code   170  task_rtc.o(.text)
    Is_Leap_Year                             0x080069ef   Thumb Code    56  task_rtc.o(.text)
    RTC_Set_Time                             0x08006a27   Thumb Code   200  task_rtc.o(.text)
    RTC_Get_Week                             0x08006aef   Thumb Code   126  task_rtc.o(.text)
    RTC_Get_Time                             0x08006b6d   Thumb Code   212  task_rtc.o(.text)
    RTC_IRQHandler                           0x08006c41   Thumb Code    70  task_rtc.o(.text)
    OS_TaskStatStkChk                        0x08006cdd   Thumb Code    54  os_core.o(.text)
    OS_TaskStat                              0x08006d13   Thumb Code    86  os_core.o(.text)
    OS_TaskIdle                              0x08006da1   Thumb Code    22  os_core.o(.text)
    OS_MemClr                                0x08006def   Thumb Code    20  os_core.o(.text)
    OSInit                                   0x08006ee1   Thumb Code    38  os_core.o(.text)
    OSIntEnter                               0x08006f07   Thumb Code    20  os_core.o(.text)
    OSIntExit                                0x08006f33   Thumb Code    80  os_core.o(.text)
    OSSchedLock                              0x08006f83   Thumb Code    38  os_core.o(.text)
    OS_Sched                                 0x08006fa9   Thumb Code    64  os_core.o(.text)
    OSSchedUnlock                            0x08006fe9   Thumb Code    66  os_core.o(.text)
    OSStart                                  0x0800702b   Thumb Code    38  os_core.o(.text)
    OSStatInit                               0x08007051   Thumb Code    48  os_core.o(.text)
    OSTimeTick                               0x08007081   Thumb Code   258  os_core.o(.text)
    OSVersion                                0x08007183   Thumb Code     6  os_core.o(.text)
    OS_Dummy                                 0x08007189   Thumb Code     2  os_core.o(.text)
    OS_EventTaskRemove                       0x0800718b   Thumb Code    44  os_core.o(.text)
    OS_EventTaskRdy                          0x080071b7   Thumb Code   100  os_core.o(.text)
    OS_EventTaskWait                         0x0800721b   Thumb Code    90  os_core.o(.text)
    OS_EventWaitListInit                     0x08007275   Thumb Code    20  os_core.o(.text)
    OS_MemCopy                               0x08007289   Thumb Code    22  os_core.o(.text)
    OS_StrLen                                0x0800729f   Thumb Code    22  os_core.o(.text)
    OS_TCBInit                               0x080072b5   Thumb Code   284  os_core.o(.text)
    OSMboxAccept                             0x080073e1   Thumb Code    32  os_mbox.o(.text)
    OSMboxCreate                             0x08007401   Thumb Code    58  os_mbox.o(.text)
    OSMboxDel                                0x0800743b   Thumb Code   194  os_mbox.o(.text)
    OSMboxPend                               0x080074fd   Thumb Code   200  os_mbox.o(.text)
    OSMboxPendAbort                          0x080075c5   Thumb Code   116  os_mbox.o(.text)
    OSMboxPost                               0x08007639   Thumb Code    78  os_mbox.o(.text)
    OSMboxPostOpt                            0x08007687   Thumb Code   122  os_mbox.o(.text)
    OSMboxQuery                              0x08007701   Thumb Code    62  os_mbox.o(.text)
    OSMutexAccept                            0x08007751   Thumb Code   122  os_mutex.o(.text)
    OSMutexCreate                            0x080077cb   Thumb Code   130  os_mutex.o(.text)
    OSMutexDel                               0x080078bb   Thumb Code   238  os_mutex.o(.text)
    OSMutexPend                              0x080079a9   Thumb Code   498  os_mutex.o(.text)
    OSMutexPost                              0x08007b9b   Thumb Code   176  os_mutex.o(.text)
    OSMutexQuery                             0x08007c4b   Thumb Code    94  os_mutex.o(.text)
    OSSemAccept                              0x08007cb5   Thumb Code    34  os_sem.o(.text)
    OSSemCreate                              0x08007cd7   Thumb Code    58  os_sem.o(.text)
    OSSemDel                                 0x08007d11   Thumb Code   194  os_sem.o(.text)
    OSSemPend                                0x08007dd3   Thumb Code   180  os_sem.o(.text)
    OSSemPendAbort                           0x08007e87   Thumb Code   116  os_sem.o(.text)
    OSSemPost                                0x08007efb   Thumb Code    84  os_sem.o(.text)
    OSSemQuery                               0x08007f4f   Thumb Code    62  os_sem.o(.text)
    OSSemSet                                 0x08007f8d   Thumb Code    56  os_sem.o(.text)
    OSTaskChangePrio                         0x08007fd5   Thumb Code   298  os_task.o(.text)
    OSTaskCreate                             0x080080ff   Thumb Code   136  os_task.o(.text)
    OS_TaskStkClr                            0x08008187   Thumb Code    30  os_task.o(.text)
    OSTaskCreateExt                          0x080081a5   Thumb Code   162  os_task.o(.text)
    OSTaskDel                                0x08008247   Thumb Code   278  os_task.o(.text)
    OSTaskDelReq                             0x0800835d   Thumb Code    90  os_task.o(.text)
    OSTaskNameGet                            0x080083b7   Thumb Code   156  os_task.o(.text)
    OSTaskNameSet                            0x08008453   Thumb Code    86  os_task.o(.text)
    OSTaskResume                             0x080084a9   Thumb Code   150  os_task.o(.text)
    OSTaskStkChk                             0x0800853f   Thumb Code   134  os_task.o(.text)
    OSTaskSuspend                            0x080085c5   Thumb Code   142  os_task.o(.text)
    OSTaskQuery                              0x08008653   Thumb Code    74  os_task.o(.text)
    OSTaskRegGet                             0x0800869d   Thumb Code    50  os_task.o(.text)
    OSTaskRegSet                             0x080086cf   Thumb Code    54  os_task.o(.text)
    OS_TaskReturn                            0x08008705   Thumb Code    18  os_task.o(.text)
    OSTimeDly                                0x08008731   Thumb Code    88  os_time.o(.text)
    OSTimeDlyHMSM                            0x08008789   Thumb Code    88  os_time.o(.text)
    OSTimeDlyResume                          0x080087e1   Thumb Code   166  os_time.o(.text)
    OSTimeGet                                0x08008887   Thumb Code    18  os_time.o(.text)
    OSTimeSet                                0x08008899   Thumb Code    20  os_time.o(.text)
    OSInitHookBegin                          0x080088c9   Thumb Code     2  os_cpu_c.o(.text)
    OSInitHookEnd                            0x080088cb   Thumb Code     2  os_cpu_c.o(.text)
    OSTaskCreateHook                         0x080088cd   Thumb Code     2  os_cpu_c.o(.text)
    OSTaskDelHook                            0x080088cf   Thumb Code     2  os_cpu_c.o(.text)
    OSTaskIdleHook                           0x080088d1   Thumb Code     2  os_cpu_c.o(.text)
    OSTaskStatHook                           0x080088d3   Thumb Code     2  os_cpu_c.o(.text)
    OSTaskStkInit                            0x080088d5   Thumb Code   114  os_cpu_c.o(.text)
    OSTaskSwHook                             0x08008947   Thumb Code     2  os_cpu_c.o(.text)
    OSTCBInitHook                            0x08008949   Thumb Code     2  os_cpu_c.o(.text)
    OSTimeTickHook                           0x0800894b   Thumb Code     2  os_cpu_c.o(.text)
    OSTaskReturnHook                         0x0800894d   Thumb Code     2  os_cpu_c.o(.text)
    OS_CPU_SR_Save                           0x08008951   Thumb Code     0  os_cpu_a.o(.text)
    OS_CPU_SR_Restore                        0x08008959   Thumb Code     0  os_cpu_a.o(.text)
    OSStartHighRdy                           0x0800895f   Thumb Code     0  os_cpu_a.o(.text)
    OSCtxSw                                  0x0800897f   Thumb Code     0  os_cpu_a.o(.text)
    OSIntCtxSw                               0x08008989   Thumb Code     0  os_cpu_a.o(.text)
    OS_CPU_PendSVHandler                     0x08008993   Thumb Code     0  os_cpu_a.o(.text)
    GUI_X_GetTime                            0x080089f5   Thumb Code     4  gui_x_ucos.o(.text)
    GUI_X_Delay                              0x080089f9   Thumb Code    16  gui_x_ucos.o(.text)
    GUI_X_ExecIdle                           0x08008a09   Thumb Code     6  gui_x_ucos.o(.text)
    GUI_X_InitOS                             0x08008a0f   Thumb Code    22  gui_x_ucos.o(.text)
    GUI_X_Lock                               0x08008a25   Thumb Code    16  gui_x_ucos.o(.text)
    GUI_X_Unlock                             0x08008a35   Thumb Code     8  gui_x_ucos.o(.text)
    GUI_X_GetTaskId                          0x08008a3d   Thumb Code    10  gui_x_ucos.o(.text)
    GUI_X_WaitEvent                          0x08008a47   Thumb Code    16  gui_x_ucos.o(.text)
    GUI_X_SignalEvent                        0x08008a57   Thumb Code    10  gui_x_ucos.o(.text)
    GUI_X_Init                               0x08008a61   Thumb Code    14  gui_x_ucos.o(.text)
    GUI_X_GetKey                             0x08008a7f   Thumb Code    18  gui_x_ucos.o(.text)
    GUI_X_WaitKey                            0x08008a91   Thumb Code    30  gui_x_ucos.o(.text)
    GUI_X_StoreKey                           0x08008aaf   Thumb Code    10  gui_x_ucos.o(.text)
    GUI_X_Log                                0x08008ab9   Thumb Code     2  gui_x_ucos.o(.text)
    GUI_X_Warn                               0x08008abb   Thumb Code     2  gui_x_ucos.o(.text)
    GUI_X_ErrorOut                           0x08008abd   Thumb Code     2  gui_x_ucos.o(.text)
    LCD_L0_Init                              0x08008ac9   Thumb Code    10  lcd_gui_interface.o(.text)
    LCD_L0_SetPixelIndex                     0x08008ad3   Thumb Code    10  lcd_gui_interface.o(.text)
    LCD_L0_GetPixelIndex                     0x08008add   Thumb Code     8  lcd_gui_interface.o(.text)
    LCD_L0_XorPixel                          0x08008ae5   Thumb Code    32  lcd_gui_interface.o(.text)
    LCD_L0_DrawHLine                         0x08008b05   Thumb Code    22  lcd_gui_interface.o(.text)
    LCD_L0_DrawVLine                         0x08008b1b   Thumb Code    22  lcd_gui_interface.o(.text)
    LCD_L0_FillRect                          0x08008b31   Thumb Code    36  lcd_gui_interface.o(.text)
    DrawBitLine1BPP                          0x08008b55   Thumb Code   664  lcd_gui_interface.o(.text)
    DrawBitLine8BPP                          0x080090f1   Thumb Code   162  lcd_gui_interface.o(.text)
    DrawBitLine16BPP                         0x08009193   Thumb Code   126  lcd_gui_interface.o(.text)
    LCD_L0_DrawBitmap                        0x08009211   Thumb Code   266  lcd_gui_interface.o(.text)
    LCD_L0_SetLUTEntry                       0x0800931b   Thumb Code     2  lcd_gui_interface.o(.text)
    LCD_L0_On                                0x0800931d   Thumb Code     2  lcd_gui_interface.o(.text)
    GUI_sin                                  0x08009329   Thumb Code    80  gui2dlib.o(.text)
    GUI_cos                                  0x08009379   Thumb Code     6  gui2dlib.o(.text)
    GL_DrawPoint                             0x0800937f   Thumb Code    24  gui2dlib.o(.text)
    GL_DrawLine1                             0x08009397   Thumb Code   210  gui2dlib.o(.text)
    GL_DrawLine                              0x08009469   Thumb Code   258  gui2dlib.o(.text)
    GUI_DrawLine                             0x0800956b   Thumb Code    36  gui2dlib.o(.text)
    GL_DrawLineTo                            0x0800958f   Thumb Code    30  gui2dlib.o(.text)
    GL_MoveTo                                0x080095ad   Thumb Code     8  gui2dlib.o(.text)
    GL_DrawPolygon                           0x080095b5   Thumb Code   100  gui2dlib.o(.text)
    GUI_DrawPolygon                          0x08009619   Thumb Code    36  gui2dlib.o(.text)
    GUI_MoveRel                              0x0800963d   Thumb Code    32  gui2dlib.o(.text)
    GUI_DrawLineRel                          0x0800965d   Thumb Code    44  gui2dlib.o(.text)
    GUI_DrawLineTo                           0x08009689   Thumb Code    44  gui2dlib.o(.text)
    GUI_MoveTo                               0x080096b5   Thumb Code    26  gui2dlib.o(.text)
    GUI_DrawRect                             0x080096cf   Thumb Code    64  gui2dlib.o(.text)
    GUI_DrawPoint                            0x0800970f   Thumb Code    26  gui2dlib.o(.text)
    GUI_DispString                           0x08009849   Thumb Code   244  gui_dispstring.o(.text)
    GUI_DispStringAt                         0x08009941   Thumb Code    32  gui_dispstringat.o(.text)
    GUI_DispStringHCenterAt                  0x08009965   Thumb Code    46  gui_dispstringhcenter.o(.text)
    GUI_DrawGraph                            0x08009999   Thumb Code    36  gui_drawgraph.o(.text)
    GUI_DrawHLine                            0x08009a5d   Thumb Code    30  gui_drawhline.o(.text)
    GUI_DrawVLine                            0x08009a7b   Thumb Code    30  gui_drawvline.o(.text)
    GUI_SetBkColor                           0x08009a99   Thumb Code    22  gui_setcolor.o(.text)
    GUI_SetColor                             0x08009aaf   Thumb Code    22  gui_setcolor.o(.text)
    GUI_SetFont                              0x08009ac5   Thumb Code    24  gui_setfont.o(.text)
    GUI_SetTextMode                          0x08009ae1   Thumb Code    24  gui_settextmode.o(.text)
    GUI_ClearRect                            0x08009afd   Thumb Code    50  guicore.o(.text)
    GUI_Clear                                0x08009b2f   Thumb Code    26  guicore.o(.text)
    GUI_Init                                 0x08009b49   Thumb Code    84  guicore.o(.text)
    GUI_DispDecShift                         0x08009bb1   Thumb Code    20  guival.o(.text)
    GUI_DispSDecShift                        0x08009bc5   Thumb Code    36  guival.o(.text)
    GUI_DispDecMin                           0x08009be9   Thumb Code    20  guival.o(.text)
    GUI_DispDecSpace                         0x08009bfd   Thumb Code    72  guival.o(.text)
    GUI_DispSDec                             0x08009c45   Thumb Code     4  guival.o(.text)
    GUI_DispDec                              0x08009c49   Thumb Code     4  guival.o(.text)
    GUI_DispDecAt                            0x08009c4d   Thumb Code    32  guival.o(.text)
    GUI_DispFloatFix                         0x08009cbf   Thumb Code     4  guivalf.o(.text)
    GUI_DispFloatMin                         0x08009cc3   Thumb Code    56  guivalf.o(.text)
    GUI_DispFloat                            0x08009cfb   Thumb Code    50  guivalf.o(.text)
    GUI_DispSFloatFix                        0x08009d2d   Thumb Code     4  guivalf.o(.text)
    GUI_DispSFloatMin                        0x08009d31   Thumb Code    66  guivalf.o(.text)
    GUI_MEMDEV_Draw                          0x08009d79   Thumb Code   232  guidev_banding.o(.text)
    GUI_AddDecMin                            0x08009e6d   Thumb Code    26  gui_adddecmin.o(.text)
    GUI_Long2Len                             0x08009e89   Thumb Code    40  gui_adddecshift.o(.text)
    GUI_AddSign                              0x08009eb1   Thumb Code    30  gui_adddecshift.o(.text)
    GUI_AddDecShift                          0x08009ecf   Thumb Code   108  gui_adddecshift.o(.text)
    GL_FillPolygon                           0x08009f73   Thumb Code   416  gui_fillpolygon.o(.text)
    GUI_FillPolygon                          0x0800a113   Thumb Code    36  gui_fillpolygon.o(.text)
    GUI_GotoY                                0x0800a145   Thumb Code    22  gui_goto.o(.text)
    GUI_GotoX                                0x0800a15b   Thumb Code    22  gui_goto.o(.text)
    GUI_GotoXY                               0x0800a171   Thumb Code    26  gui_goto.o(.text)
    GUI_SetTextAlign                         0x0800a191   Thumb Code    24  gui_settextalign.o(.text)
    GUI_UC_GetCharSize                       0x0800a1ad   Thumb Code    28  gui_uc.o(.text)
    GUI_UC_GetCharCode                       0x0800a1c9   Thumb Code    28  gui_uc.o(.text)
    GUI_UC_Encode                            0x0800a1e5   Thumb Code    32  gui_uc.o(.text)
    GUI_UC__CalcSizeOfChar                   0x0800a205   Thumb Code     8  gui_uc.o(.text)
    GUI_UC__GetCharCodeInc                   0x0800a20d   Thumb Code    38  gui_uc.o(.text)
    GUI_UC__NumChars2NumBytes                0x0800a233   Thumb Code    34  gui_uc.o(.text)
    GUI_UC__NumBytes2NumChars                0x0800a255   Thumb Code    40  gui_uc.o(.text)
    GUI_UC_SetEncodeNone                     0x0800a293   Thumb Code    20  gui_uc_encodenone.o(.text)
    GUI_GetFontDistY                         0x0800a2b1   Thumb Code    20  guichar.o(.text)
    GUI_DispNextLine                         0x0800a2c5   Thumb Code    30  guichar.o(.text)
    GL_DispChar                              0x0800a2e3   Thumb Code    52  guichar.o(.text)
    GUI_GetYAdjust                           0x0800a317   Thumb Code    52  guichar.o(.text)
    GUI_GetCharDistX                         0x0800a34b   Thumb Code    28  guichar.o(.text)
    GUI__GetLineNumChars                     0x0800a3b7   Thumb Code    48  guicharline.o(.text)
    GUI__GetLineDistX                        0x0800a3e7   Thumb Code    46  guicharline.o(.text)
    GUI__DispLine                            0x0800a415   Thumb Code    40  guicharline.o(.text)
    GUIMONO_DispChar                         0x0800a449   Thumb Code   284  guicharm.o(.text)
    GUIMONO_GetCharDistX                     0x0800a565   Thumb Code    10  guicharm.o(.text)
    GUIMONO_GetFontInfo                      0x0800a56f   Thumb Code     6  guicharm.o(.text)
    GUIMONO_IsInFont                         0x0800a575   Thumb Code    38  guicharm.o(.text)
    GL_DrawCircle                            0x0800a60d   Thumb Code   100  guicirc.o(.text)
    GUI_DrawCircle                           0x0800a671   Thumb Code    30  guicirc.o(.text)
    GL_FillCircle                            0x0800a68f   Thumb Code   144  guicirc.o(.text)
    GUI_FillCircle                           0x0800a71f   Thumb Code    30  guicirc.o(.text)
    GL_FillEllipse                           0x0800a73d   Thumb Code   104  guicirc.o(.text)
    GUI_FillEllipse                          0x0800a7a5   Thumb Code    36  guicirc.o(.text)
    GL_DrawEllipse                           0x0800a7c9   Thumb Code   166  guicirc.o(.text)
    GUI_DrawEllipse                          0x0800a86f   Thumb Code    36  guicirc.o(.text)
    GUI_Unlock                               0x0800a895   Thumb Code    16  guitask.o(.text)
    GUI_Lock                                 0x0800a8a5   Thumb Code   144  guitask.o(.text)
    GUITASK_Init                             0x0800a935   Thumb Code    12  guitask.o(.text)
    GUITASK_CopyContext                      0x0800a941   Thumb Code    46  guitask.o(.text)
    LCD_SetColorIndex                        0x0800a97d   Thumb Code    18  lcd.o(.text)
    LCD_SetBkColorIndex                      0x0800a98f   Thumb Code    18  lcd.o(.text)
    LCD_SetDrawMode                          0x0800a9a1   Thumb Code    28  lcd.o(.text)
    LCD_DrawPixel                            0x0800a9bd   Thumb Code    64  lcd.o(.text)
    LCD_DrawHLine                            0x0800a9fd   Thumb Code    54  lcd.o(.text)
    LCD_FillRect                             0x0800aa33   Thumb Code    64  lcd.o(.text)
    LCD_DrawBitmap                           0x0800aa73   Thumb Code   478  lcd.o(.text)
    LCD_SetClipRectMax                       0x0800ac51   Thumb Code    10  lcd.o(.text)
    LCD_Init                                 0x0800ac5b   Thumb Code    50  lcd.o(.text)
    LCD_Color2Index                          0x0800ac8d   Thumb Code     8  lcd.o(.text)
    LCD_Index2Color                          0x0800ac95   Thumb Code     8  lcd.o(.text)
    LCD_SetBkColor                           0x0800ac9d   Thumb Code    24  lcd.o(.text)
    LCD_SetColor                             0x0800acb5   Thumb Code    24  lcd.o(.text)
    LCD_DrawVLine                            0x0800ace9   Thumb Code    56  lcd_drawvline.o(.text)
    LCD_L0_Color2Index                       0x0800ad25   Thumb Code     4  lcd_l0_generic.o(.text)
    LCD_L0_Index2Color                       0x0800ad29   Thumb Code     4  lcd_l0_generic.o(.text)
    LCD_L0_GetIndexMask                      0x0800ad2d   Thumb Code     4  lcd_l0_generic.o(.text)
    LCD_L0_GetRect                           0x0800ad31   Thumb Code    20  lcd_l0_generic.o(.text)
    LCD_GetXSize                             0x0800ad45   Thumb Code     6  lcdinfo0.o(.text)
    LCD_GetYSize                             0x0800ad4b   Thumb Code     6  lcdinfo0.o(.text)
    LCD_GetVXSize                            0x0800ad51   Thumb Code     6  lcdinfo0.o(.text)
    LCD_GetVYSize                            0x0800ad57   Thumb Code     6  lcdinfo0.o(.text)
    LCD_GetBitsPerPixel                      0x0800ad5d   Thumb Code     4  lcdinfo0.o(.text)
    LCD_GetNumColors                         0x0800ad61   Thumb Code     6  lcdinfo0.o(.text)
    LCD_GetYMag                              0x0800ad67   Thumb Code     4  lcdinfo0.o(.text)
    LCD_GetXMag                              0x0800ad6b   Thumb Code     4  lcdinfo0.o(.text)
    LCD_GetFixedPalette                      0x0800ad6f   Thumb Code     6  lcdinfo0.o(.text)
    GUI_MEMDEV__GetRect                      0x0800ad75   Thumb Code    44  guidev.o(.text)
    GUI_MEMDEV__Color2Index                  0x0800ada1   Thumb Code    24  guidev.o(.text)
    GUI_MEMDEV__Index2Color                  0x0800adb9   Thumb Code    24  guidev.o(.text)
    GUI_MEMDEV__GetIndexMask                 0x0800add1   Thumb Code    20  guidev.o(.text)
    GUI_MEMDEV_Delete                        0x0800ade5   Thumb Code    54  guidev.o(.text)
    GUI_MEMDEV__CreateFixed                  0x0800ae1b   Thumb Code   196  guidev.o(.text)
    GUI_MEMDEV_CreateEx                      0x0800aedf   Thumb Code    82  guidev.o(.text)
    GUI_MEMDEV_Create                        0x0800af31   Thumb Code    16  guidev.o(.text)
    GUI_MEMDEV_Select                        0x0800af41   Thumb Code    64  guidev.o(.text)
    GUI_MEMDEV__WriteToActiveAt              0x0800af81   Thumb Code   270  guidev.o(.text)
    GUI_MEMDEV_CopyToLCDAt                   0x0800b08f   Thumb Code    80  guidev.o(.text)
    GUI_MEMDEV_CopyToLCD                     0x0800b0df   Thumb Code     6  guidev.o(.text)
    GUI_MEMDEV_Clear                         0x0800b0f1   Thumb Code    52  guidev_clear.o(.text)
    GUI_MEMDEV_GetYSize                      0x0800b129   Thumb Code    38  guidev_getysize.o(.text)
    GUI_MEMDEV_ReduceYSize                   0x0800b155   Thumb Code    48  guidev_reduceysize.o(.text)
    GUI_MEMDEV_SetOrg                        0x0800b189   Thumb Code    84  guidev_setorg.o(.text)
    LCD_Color2Index_M565                     0x0800b1e1   Thumb Code    22  lcdpm565.o(.text)
    LCD_GetIndexMask_M565                    0x0800b1f7   Thumb Code     6  lcdpm565.o(.text)
    GUI_ALLOC_AllocZero                      0x0800b1fd   Thumb Code    38  gui_alloc_alloczero.o(.text)
    GUI_RectsIntersect                       0x0800b223   Thumb Code    56  gui_rectsintersect.o(.text)
    GUI_SelectLCD                            0x0800b25b   Thumb Code    22  gui_selectlcd.o(.text)
    GUI_ALLOC_Init                           0x0800b2ed   Thumb Code    40  guialloc.o(.text)
    GUI_ALLOC_AllocNoInit                    0x0800b3e7   Thumb Code    30  guialloc.o(.text)
    GUI_ALLOC_h2p                            0x0800b405   Thumb Code    20  guialloc.o(.text)
    GUI_ALLOC_GetNumFreeBytes                0x0800b419   Thumb Code    14  guialloc.o(.text)
    GUI_ALLOC_GetMaxSize                     0x0800b427   Thumb Code    98  guialloc.o(.text)
    GUI_ALLOC_GetSize                        0x0800b489   Thumb Code    20  guialloc.o(.text)
    GUI_ALLOC_Free                           0x0800b49d   Thumb Code    26  guialloc.o(.text)
    GUI_ALLOC_FreePtr                        0x0800b4b7   Thumb Code    28  guialloc.o(.text)
    LCD_GetpPalConvTableUncached             0x0800b595   Thumb Code    54  lcdcolor.o(.text)
    LCD_GetpPalConvTable                     0x0800b5cb   Thumb Code     2  lcdcolor.o(.text)
    LCD_InitLUT                              0x0800b5cd   Thumb Code     2  lcdcolor.o(.text)
    LCD_Index2Color_M565                     0x0800b5d5   Thumb Code    52  lcdpm565_index2color.o(.text)
    GUI_USAGE_Select                         0x0800bd4d   Thumb Code    28  guidev_usage.o(.text)
    GUI_USAGE_DecUseCnt                      0x0800bd69   Thumb Code    38  guidev_usage.o(.text)
    GUI_USAGE_AddRect                        0x0800bd8f   Thumb Code    38  guidev_usage.o(.text)
    GUI_USAGE_BM_Create                      0x0800bf1f   Thumb Code    78  guidev_usagebm.o(.text)
    GUI__memset                              0x0800bf71   Thumb Code    74  gui__memset.o(.text)
    GUI__memset16                            0x0800bfbb   Thumb Code    58  gui__memset16.o(.text)
    LCD_SelectLCD                            0x0800bff5   Thumb Code    20  lcd_selectlcd.o(.text)
    LCD_UpdateColorIndices                   0x0800c011   Thumb Code    28  lcd_updatecolorindices.o(.text)
    ___aeabi_memcpy8$move                    0x0800c031   Thumb Code     0  memmovea.o(.text)
    __aeabi_memcpy                           0x0800c031   Thumb Code    64  memmovea.o(.text)
    __aeabi_memcpy4                          0x0800c031   Thumb Code     0  memmovea.o(.text)
    __aeabi_memmove                          0x0800c031   Thumb Code     0  memmovea.o(.text)
    __aeabi_memmove4                         0x0800c031   Thumb Code     0  memmovea.o(.text)
    __aeabi_memmove8                         0x0800c031   Thumb Code     0  memmovea.o(.text)
    __aeabi_memset                           0x0800c071   Thumb Code    14  memseta.o(.text)
    __aeabi_memset4                          0x0800c071   Thumb Code     0  memseta.o(.text)
    __aeabi_memset8                          0x0800c071   Thumb Code     0  memseta.o(.text)
    __aeabi_memclr                           0x0800c07f   Thumb Code     4  memseta.o(.text)
    __aeabi_memclr4                          0x0800c07f   Thumb Code     0  memseta.o(.text)
    __aeabi_memclr8                          0x0800c07f   Thumb Code     0  memseta.o(.text)
    _memset$wrapper                          0x0800c083   Thumb Code    20  memseta.o(.text)
    atoi                                     0x0800c097   Thumb Code    26  atoi.o(.text)
    __aeabi_fadd                             0x0800c0b1   Thumb Code   164  fadd.o(.text)
    __aeabi_fsub                             0x0800c155   Thumb Code     6  fadd.o(.text)
    __aeabi_frsub                            0x0800c15b   Thumb Code     6  fadd.o(.text)
    __aeabi_fmul                             0x0800c161   Thumb Code   108  fmul.o(.text)
    __aeabi_fdiv                             0x0800c1cd   Thumb Code   128  fdiv.o(.text)
    __ARM_scalbnf                            0x0800c24d   Thumb Code    24  fscalb.o(.text)
    scalbnf                                  0x0800c24d   Thumb Code     0  fscalb.o(.text)
    __aeabi_dadd                             0x0800c265   Thumb Code   318  dadd.o(.text)
    __aeabi_dsub                             0x0800c3a3   Thumb Code     6  dadd.o(.text)
    __aeabi_drsub                            0x0800c3a9   Thumb Code     6  dadd.o(.text)
    __aeabi_dmul                             0x0800c3af   Thumb Code   226  dmul.o(.text)
    __aeabi_ddiv                             0x0800c491   Thumb Code   222  ddiv.o(.text)
    __ARM_scalbn                             0x0800c56f   Thumb Code    46  dscalb.o(.text)
    scalbn                                   0x0800c56f   Thumb Code     0  dscalb.o(.text)
    __aeabi_ui2f                             0x0800c59d   Thumb Code    10  ffltui.o(.text)
    __aeabi_i2d                              0x0800c5a7   Thumb Code    34  dflti.o(.text)
    __aeabi_ui2d                             0x0800c5c9   Thumb Code    26  dfltui.o(.text)
    __aeabi_f2iz                             0x0800c5e3   Thumb Code    50  ffixi.o(.text)
    __aeabi_f2uiz                            0x0800c615   Thumb Code    40  ffixui.o(.text)
    __aeabi_d2uiz                            0x0800c63d   Thumb Code    46  dfixui.o(.text)
    __aeabi_f2d                              0x0800c66b   Thumb Code    44  f2d.o(.text)
    __aeabi_d2f                              0x0800c697   Thumb Code    56  d2f.o(.text)
    __aeabi_cfcmpeq                          0x0800c6d1   Thumb Code     0  cfcmple.o(.text)
    __aeabi_cfcmple                          0x0800c6d1   Thumb Code    20  cfcmple.o(.text)
    __aeabi_cfrcmple                         0x0800c6e5   Thumb Code    20  cfrcmple.o(.text)
    __aeabi_uidiv                            0x0800c6f9   Thumb Code     0  uidiv.o(.text)
    __aeabi_uidivmod                         0x0800c6f9   Thumb Code    44  uidiv.o(.text)
    __aeabi_uldivmod                         0x0800c725   Thumb Code   102  uldiv.o(.text)
    __aeabi_llsl                             0x0800c78b   Thumb Code    30  llshl.o(.text)
    _ll_shift_l                              0x0800c78b   Thumb Code     0  llshl.o(.text)
    __aeabi_llsr                             0x0800c7a9   Thumb Code    32  llushr.o(.text)
    _ll_ushift_r                             0x0800c7a9   Thumb Code     0  llushr.o(.text)
    __aeabi_lasr                             0x0800c7c9   Thumb Code    36  llsshr.o(.text)
    _ll_sshift_r                             0x0800c7c9   Thumb Code     0  llsshr.o(.text)
    strtol                                   0x0800c7ed   Thumb Code   112  strtol.o(.text)
    __I$use$fp                               0x0800c85d   Thumb Code     0  iusefp.o(.text)
    _float_round                             0x0800c85d   Thumb Code    18  fepilogue.o(.text)
    _float_epilogue                          0x0800c86f   Thumb Code    94  fepilogue.o(.text)
    _double_round                            0x0800c8cd   Thumb Code    26  depilogue.o(.text)
    _double_epilogue                         0x0800c8e7   Thumb Code   168  depilogue.o(.text)
    __aeabi_d2ulz                            0x0800c98f   Thumb Code    48  dfixul.o(.text)
    __aeabi_cdrcmple                         0x0800c9c1   Thumb Code    38  cdrcmple.o(.text)
    __scatterload                            0x0800c9e9   Thumb Code    28  init.o(.text)
    __scatterload_rt2                        0x0800c9e9   Thumb Code     0  init.o(.text)
    __rt_ctype_table                         0x0800ca0d   Thumb Code     4  ctype_o.o(.text)
    _strtoul                                 0x0800ca15   Thumb Code   156  _strtoul.o(.text)
    __aeabi_d2iz                             0x0800cab1   Thumb Code    62  dfixi.o(.text)
    _chval                                   0x0800caef   Thumb Code    32  _chval.o(.text)
    __0printf                                0x0800cb11   Thumb Code    22  printfa.o(i.__0printf)
    __1printf                                0x0800cb11   Thumb Code     0  printfa.o(i.__0printf)
    __2printf                                0x0800cb11   Thumb Code     0  printfa.o(i.__0printf)
    __c89printf                              0x0800cb11   Thumb Code     0  printfa.o(i.__0printf)
    printf                                   0x0800cb11   Thumb Code     0  printfa.o(i.__0printf)
    __0sprintf                               0x0800cb31   Thumb Code    34  printfa.o(i.__0sprintf)
    __1sprintf                               0x0800cb31   Thumb Code     0  printfa.o(i.__0sprintf)
    __2sprintf                               0x0800cb31   Thumb Code     0  printfa.o(i.__0sprintf)
    __c89sprintf                             0x0800cb31   Thumb Code     0  printfa.o(i.__0sprintf)
    sprintf                                  0x0800cb31   Thumb Code     0  printfa.o(i.__0sprintf)
    __ARM_fpclassify                         0x0800cb59   Thumb Code    40  fpclassify.o(i.__ARM_fpclassify)
    __aeabi_errno_addr                       0x0800cb81   Thumb Code     4  errno.o(i.__aeabi_errno_addr)
    __rt_errno_addr                          0x0800cb81   Thumb Code     0  errno.o(i.__aeabi_errno_addr)
    __ieee754_rem_pio2                       0x0800cb89   Thumb Code   832  rred.o(i.__ieee754_rem_pio2)
    __kernel_cos                             0x0800cf11   Thumb Code   230  cos_i.o(i.__kernel_cos)
    __kernel_poly                            0x0800d00d   Thumb Code   170  poly.o(i.__kernel_poly)
    __kernel_sin                             0x0800d0b9   Thumb Code   226  sin_i.o(i.__kernel_sin)
    __mathlib_dbl_underflow                  0x0800d1a9   Thumb Code    10  dunder.o(i.__mathlib_dbl_underflow)
    __scatterload_copy                       0x0800d1b9   Thumb Code    14  handlers.o(i.__scatterload_copy)
    __scatterload_null                       0x0800d1c7   Thumb Code     2  handlers.o(i.__scatterload_null)
    __scatterload_zeroinit                   0x0800d1c9   Thumb Code    14  handlers.o(i.__scatterload_zeroinit)
    __set_errno                              0x0800d1d9   Thumb Code     6  errno.o(i.__set_errno)
    floor                                    0x0800da6d   Thumb Code   204  floor.o(i.floor)
    sin                                      0x0800db49   Thumb Code   166  sin.o(i.sin)
    SineWaveTab                              0x0800dbf8   Data          64  dac v2.0.o(.constdata)
    TriangleWaveTab                          0x0800dc38   Data          64  dac v2.0.o(.constdata)
    SawtoothWaveTab                          0x0800dc78   Data          64  dac v2.0.o(.constdata)
    ASCII_8x16                               0x0800dcb8   Data        1536  tft_api.o(.constdata)
    table_week                               0x0800e2c0   Data          12  task_rtc.o(.constdata)
    mon_table                                0x0800e2cc   Data          12  task_rtc.o(.constdata)
    OSUnMapTbl                               0x0800e2d8   Data         256  os_core.o(.constdata)
    aTan                                     0x0800e3fa   Data          34  gui2dlib.o(.constdata)
    GUI_acFont6x8                            0x0800e41c   Data        1304  f6x8.o(.constdata)
    GUI_F6x8_TL8859_1                        0x0800e934   Data         448  f6x8.o(.constdata)
    GUI_F6x8_TI8859_1                        0x0800eaf4   Data           8  f6x8.o(.constdata)
    GUI_F6x8_Mono                            0x0800eafc   Data          20  f6x8.o(.constdata)
    GUI_Font6x8                              0x0800eb10   Data          32  f6x8.o(.constdata)
    acFont8x16                               0x0800eb30   Data        2608  f8x16.o(.constdata)
    TransList8x16                            0x0800f560   Data         448  f8x16.o(.constdata)
    TransInfo8x16                            0x0800f720   Data           8  f8x16.o(.constdata)
    FontMono8x16                             0x0800f728   Data          20  f8x16.o(.constdata)
    GUI_Font8x16                             0x0800f73c   Data          32  f8x16.o(.constdata)
    GUI_Pow10                                0x0800f75c   Data          40  gui_adddecshift.o(.constdata)
    GUI__API_TableNone                       0x0800f784   Data          16  gui_uc_encodenone.o(.constdata)
    LCD_L0_APIList                           0x0800f794   Data          64  lcd_api.o(.constdata)
    GUI_MEMDEV__APIList16                    0x0800f7f4   Data          64  guidev_16.o(.constdata)
    LCD_aMirror                              0x0800f84c   Data         256  lcd_mirror.o(.constdata)
    __ctype_table                            0x0800fa70   Data         129  ctype_o.o(.constdata)
    Region$$Table$$Base                      0x0800faf8   Number         0  anon$$obj.o(Region$$Table)
    Region$$Table$$Limit                     0x0800fb18   Number         0  anon$$obj.o(Region$$Table)
    LCD_Buffer_MUTEX                         0x20000000   Data           4  main.o(.data)
    USART_Buffer_MUTEX                       0x20000004   Data           4  main.o(.data)
    SDtoRAM_Buffer_MUTEX                     0x20000008   Data           4  main.o(.data)
    reload                                   0x20000010   Data           4  delay v2.0.o(.data)
    InterruptTimes                           0x20000014   Data           1  exti.o(.data)
    EXTI_IO_Init                             0x20000018   Data           8  exti.o(.data)
    IntFullTime                              0x20000020   Data           4  oscilloscope.o(.data)
    HPW                                      0x20000024   Data           1  tft_drive.o(.data)
    VPW                                      0x20000025   Data           1  tft_drive.o(.data)
    HDP                                      0x20000028   Data           4  tft_drive.o(.data)
    VDP                                      0x2000002c   Data           4  tft_drive.o(.data)
    HT                                       0x20000030   Data           4  tft_drive.o(.data)
    HPS                                      0x20000034   Data           4  tft_drive.o(.data)
    LPS                                      0x20000038   Data           4  tft_drive.o(.data)
    VT                                       0x2000003c   Data           4  tft_drive.o(.data)
    VPS                                      0x20000040   Data           4  tft_drive.o(.data)
    FPS                                      0x20000044   Data           4  tft_drive.o(.data)
    SystemCoreClock                          0x2000005c   Data           4  system_stm32f10x.o(.data)
    AHBPrescTable                            0x20000060   Data          16  system_stm32f10x.o(.data)
    TrackLine_Switch                         0x20000070   Data           1  task_gui.o(.data)
    PramPanel_Switch                         0x20000071   Data           1  task_gui.o(.data)
    TrackLine_VppMax                         0x20000072   Data           1  task_gui.o(.data)
    TrackLine_VppMin                         0x20000073   Data           1  task_gui.o(.data)
    ZBX                                      0x20000074   Data           2  task_gui.o(.data)
    ZBY                                      0x20000076   Data           2  task_gui.o(.data)
    TrackLine_PriodStart                     0x20000078   Data           2  task_gui.o(.data)
    TrackLine_PriodEnd                       0x2000007a   Data           2  task_gui.o(.data)
    Tpx                                      0x2000007c   Data           2  task_gui.o(.data)
    Tpy                                      0x2000007e   Data           2  task_gui.o(.data)
    OSCPUUsage                               0x20000084   Data           1  os_core.o(.data)
    OSStatRdy                                0x20000085   Data           1  os_core.o(.data)
    OSIntNesting                             0x20000086   Data           1  os_core.o(.data)
    OSLockNesting                            0x20000087   Data           1  os_core.o(.data)
    OSPrioCur                                0x20000088   Data           1  os_core.o(.data)
    OSPrioHighRdy                            0x20000089   Data           1  os_core.o(.data)
    OSRdyGrp                                 0x2000008a   Data           1  os_core.o(.data)
    OSRunning                                0x2000008b   Data           1  os_core.o(.data)
    OSTaskCtr                                0x2000008c   Data           1  os_core.o(.data)
    OSTickStepState                          0x2000008d   Data           1  os_core.o(.data)
    OSCtxSwCtr                               0x20000090   Data           4  os_core.o(.data)
    OSEventFreeList                          0x20000094   Data           4  os_core.o(.data)
    OSIdleCtrMax                             0x20000098   Data           4  os_core.o(.data)
    OSIdleCtrRun                             0x2000009c   Data           4  os_core.o(.data)
    OSIdleCtr                                0x200000a0   Data           4  os_core.o(.data)
    OSTCBCur                                 0x200000a4   Data           4  os_core.o(.data)
    OSTCBFreeList                            0x200000a8   Data           4  os_core.o(.data)
    OSTCBHighRdy                             0x200000ac   Data           4  os_core.o(.data)
    OSTCBList                                0x200000b0   Data           4  os_core.o(.data)
    OSTime                                   0x200000b4   Data           4  os_core.o(.data)
    OSRdyTbl                                 0x200000b8   Data           8  os_core.o(.data)
    GUI_DecChar                              0x200000d4   Data           1  guicore.o(.data)
    GUI_pfDispCharStyle                      0x200000d8   Data           4  guicore.o(.data)
    GUI_pLCD_APIList                         0x200000dc   Data           4  guicore.o(.data)
    LCD_aAPI                                 0x200000f0   Data           4  lcd_api.o(.data)
    __stdout                                 0x200000f8   Data           4  stdout.o(.data)
    Task_Start_Stk                           0x20000100   Data         256  main.o(.bss)
    USART_Buffer                             0x20000200   Data          16  usart1.o(.bss)
    ADCConvertedValue                        0x20000240   Data         800  adc.o(.bss)
    AnyWaveTab                               0x20000580   Data          64  dac v2.0.o(.bss)
    LCD_Buffer                               0x200005c0   Data          64  tft_api.o(.bss)
    Task_TouchScreen_Stk                     0x20000600   Data        1024  app.o(.bss)
    Task_Main_Stk                            0x20000a00   Data        8192  app.o(.bss)
    Task_RTC_Stk                             0x20002a00   Data        2048  app.o(.bss)
    Task_SD_Stk                              0x20003200   Data        2048  app.o(.bss)
    Task_GUI_Stk                             0x20003a00   Data        4096  app.o(.bss)
    ADCVlaue2ScreenValue                     0x20004a00   Data         800  task_gui.o(.bss)
    WaveInfo                                 0x20004d40   Data          36  task_main.o(.bss)
    WaveCtrl                                 0x20004d64   Data          20  task_main.o(.bss)
    FG_WaveInfo                              0x20004d78   Data          12  task_main.o(.bss)
    calendar                                 0x20004dc0   Data          10  task_rtc.o(.bss)
    OSEventTbl                               0x20004e00   Data         100  os_core.o(.bss)
    OSTaskStatStk                            0x20004e64   Data         512  os_core.o(.bss)
    OSTaskIdleStk                            0x20005064   Data         512  os_core.o(.bss)
    OSTCBPrioTbl                             0x20005264   Data         256  os_core.o(.bss)
    OSTCBTbl                                 0x20005364   Data         912  os_core.o(.bss)
    GUI_Context                              0x200056f4   Data          72  guicore.o(.bss)
    GUI_Heap                                 0x20005884   Data        5000  guialloc.o(.bss)
    GUI_ALLOC                                0x20006fc0   Data          20  guialloc.o(.bss)
    LCD__aConvTable                          0x20006fd4   Data         512  lcdcolor.o(.bss)
    __initial_sp                             0x200075d8   Data           0  startup_stm32f10x_hd.o(STACK)



==============================================================================

Memory Map of the image

  Image Entry point : 0x08000131

  Load Region LR_IROM1 (Base: 0x08000000, Size: 0x0000fc18, Max: 0x00080000, ABSOLUTE)

    Execution Region ER_IROM1 (Base: 0x08000000, Size: 0x0000fb18, Max: 0x00080000, ABSOLUTE)

    Base Addr    Size         Type   Attr      Idx    E Section Name        Object

    0x08000000   0x00000130   Data   RO            3    RESET               startup_stm32f10x_hd.o
    0x08000130   0x00000000   Code   RO         1868  * .ARM.Collect$$$$00000000  mc_w.l(entry.o)(mc_w.l)
    0x08000130   0x00000004   Code   RO         2194    .ARM.Collect$$$$00000001  mc_w.l(entry2.o)(mc_w.l)
    0x08000134   0x00000004   Code   RO         2197    .ARM.Collect$$$$00000004  mc_w.l(entry5.o)(mc_w.l)
    0x08000138   0x00000008   Code   RO         2198    .ARM.Collect$$$$00000007  mc_w.l(entry7.o)(mc_w.l)
    0x08000140   0x00000004   Code   RO         2195    .ARM.Collect$$$$00002712  mc_w.l(entry2.o)(mc_w.l)
    0x08000144   0x00000024   Code   RO            4    .text               startup_stm32f10x_hd.o
    0x08000168   0x000000b0   Code   RO           10    .text               main.o
    0x08000218   0x00000010   Code   RO          184    .text               stm32f10x_it.o
    0x08000228   0x0000031c   Code   RO          199    .text               usart1.o
    0x08000544   0x000000d4   Code   RO          225    .text               misc.o
    0x08000618   0x000000d0   Code   RO          237    .text               delay v2.0.o
    0x080006e8   0x0000011c   Code   RO          252    .text               pincfg.o
    0x08000804   0x00000214   Code   RO          264    .text               adc.o
    0x08000a18   0x00000134   Code   RO          280    .text               dac v2.0.o
    0x08000b4c   0x000001b4   Code   RO          298    .text               exti.o
    0x08000d00   0x0000010c   Code   RO          317    .text               indkey.o
    0x08000e0c   0x00000034   Code   RO          330    .text               iwdg.o
    0x08000e40   0x00000640   Code   RO          342    .text               oscilloscope.o
    0x08001480   0x000000ec   Code   RO          362    .text               timer.o
    0x0800156c   0x00000838   Code   RO          375    .text               tft_api.o
    0x08001da4   0x000002ec   Code   RO          398    .text               tft_drive.o
    0x08002090   0x00000320   Code   RO          413    .text               tsc2046.o
    0x080023b0   0x000002d4   Code   RO          428    .text               stm32f10x_gpio.o
    0x08002684   0x000002fc   Code   RO          440    .text               stm32f10x_rcc.o
    0x08002980   0x000003b4   Code   RO          454    .text               stm32f10x_usart.o
    0x08002d34   0x0000051e   Code   RO          466    .text               stm32f10x_fsmc.o
    0x08003252   0x00000002   PAD
    0x08003254   0x000003a8   Code   RO          478    .text               stm32f10x_adc.o
    0x080035fc   0x000000a0   Code   RO          490    .text               stm32f10x_bkp.o
    0x0800369c   0x00000150   Code   RO          502    .text               stm32f10x_dac.o
    0x080037ec   0x00000220   Code   RO          514    .text               stm32f10x_dma.o
    0x08003a0c   0x00000108   Code   RO          526    .text               stm32f10x_exti.o
    0x08003b14   0x0000003c   Code   RO          553    .text               stm32f10x_iwdg.o
    0x08003b50   0x000000b8   Code   RO          565    .text               stm32f10x_pwr.o
    0x08003c08   0x00000120   Code   RO          577    .text               stm32f10x_rtc.o
    0x08003d28   0x00000c1e   Code   RO          589    .text               stm32f10x_tim.o
    0x08004946   0x00000002   PAD
    0x08004948   0x000002d8   Code   RO          601    .text               stm32f10x_spi.o
    0x08004c20   0x00000164   Code   RO          623    .text               system_stm32f10x.o
    0x08004d84   0x000001d4   Code   RO          657    .text               app.o
    0x08004f58   0x000012dc   Code   RO          718    .text               task_gui.o
    0x08006234   0x00000624   Code   RO          747    .text               task_main.o
    0x08006858   0x00000484   Code   RO          763    .text               task_rtc.o
    0x08006cdc   0x00000704   Code   RO          800    .text               os_core.o
    0x080073e0   0x00000370   Code   RO          826    .text               os_mbox.o
    0x08007750   0x00000564   Code   RO          844    .text               os_mutex.o
    0x08007cb4   0x00000320   Code   RO          862    .text               os_sem.o
    0x08007fd4   0x0000075c   Code   RO          874    .text               os_task.o
    0x08008730   0x00000198   Code   RO          886    .text               os_time.o
    0x080088c8   0x00000086   Code   RO          904    .text               os_cpu_c.o
    0x0800894e   0x00000002   PAD
    0x08008950   0x000000a4   Code   RO          932    .text               os_cpu_a.o
    0x080089f4   0x000000d4   Code   RO          955    .text               gui_x_ucos.o
    0x08008ac8   0x00000860   Code   RO          997    .text               lcd_gui_interface.o
    0x08009328   0x00000520   Code   RO         1009    .text               uCGUI_Lib.lib(gui2dlib.o)(uCGUI_Lib.lib)
    0x08009848   0x000000f8   Code   RO         1063    .text               uCGUI_Lib.lib(gui_dispstring.o)(uCGUI_Lib.lib)
    0x08009940   0x00000024   Code   RO         1079    .text               uCGUI_Lib.lib(gui_dispstringat.o)(uCGUI_Lib.lib)
    0x08009964   0x00000034   Code   RO         1091    .text               uCGUI_Lib.lib(gui_dispstringhcenter.o)(uCGUI_Lib.lib)
    0x08009998   0x000000c4   Code   RO         1103    .text               uCGUI_Lib.lib(gui_drawgraph.o)(uCGUI_Lib.lib)
    0x08009a5c   0x0000001e   Code   RO         1115    .text               uCGUI_Lib.lib(gui_drawhline.o)(uCGUI_Lib.lib)
    0x08009a7a   0x0000001e   Code   RO         1127    .text               uCGUI_Lib.lib(gui_drawvline.o)(uCGUI_Lib.lib)
    0x08009a98   0x0000002c   Code   RO         1139    .text               uCGUI_Lib.lib(gui_setcolor.o)(uCGUI_Lib.lib)
    0x08009ac4   0x0000001c   Code   RO         1151    .text               uCGUI_Lib.lib(gui_setfont.o)(uCGUI_Lib.lib)
    0x08009ae0   0x0000001c   Code   RO         1163    .text               uCGUI_Lib.lib(gui_settextmode.o)(uCGUI_Lib.lib)
    0x08009afc   0x000000b4   Code   RO         1175    .text               uCGUI_Lib.lib(guicore.o)(uCGUI_Lib.lib)
    0x08009bb0   0x000000bc   Code   RO         1213    .text               uCGUI_Lib.lib(guival.o)(uCGUI_Lib.lib)
    0x08009c6c   0x0000010c   Code   RO         1229    .text               uCGUI_Lib.lib(guivalf.o)(uCGUI_Lib.lib)
    0x08009d78   0x000000f4   Code   RO         1301    .text               uCGUI_Lib.lib(guidev_banding.o)(uCGUI_Lib.lib)
    0x08009e6c   0x0000001a   Code   RO         1341    .text               uCGUI_Lib.lib(gui_adddecmin.o)(uCGUI_Lib.lib)
    0x08009e86   0x00000002   PAD
    0x08009e88   0x000000bc   Code   RO         1353    .text               uCGUI_Lib.lib(gui_adddecshift.o)(uCGUI_Lib.lib)
    0x08009f44   0x00000200   Code   RO         1372    .text               uCGUI_Lib.lib(gui_fillpolygon.o)(uCGUI_Lib.lib)
    0x0800a144   0x0000004c   Code   RO         1387    .text               uCGUI_Lib.lib(gui_goto.o)(uCGUI_Lib.lib)
    0x0800a190   0x0000001c   Code   RO         1402    .text               uCGUI_Lib.lib(gui_settextalign.o)(uCGUI_Lib.lib)
    0x0800a1ac   0x000000d4   Code   RO         1414    .text               uCGUI_Lib.lib(gui_uc.o)(uCGUI_Lib.lib)
    0x0800a280   0x00000030   Code   RO         1426    .text               uCGUI_Lib.lib(gui_uc_encodenone.o)(uCGUI_Lib.lib)
    0x0800a2b0   0x000000c0   Code   RO         1445    .text               uCGUI_Lib.lib(guichar.o)(uCGUI_Lib.lib)
    0x0800a370   0x000000d8   Code   RO         1458    .text               uCGUI_Lib.lib(guicharline.o)(uCGUI_Lib.lib)
    0x0800a448   0x00000158   Code   RO         1470    .text               uCGUI_Lib.lib(guicharm.o)(uCGUI_Lib.lib)
    0x0800a5a0   0x000002f2   Code   RO         1482    .text               uCGUI_Lib.lib(guicirc.o)(uCGUI_Lib.lib)
    0x0800a892   0x00000002   PAD
    0x0800a894   0x000000e8   Code   RO         1494    .text               uCGUI_Lib.lib(guitask.o)(uCGUI_Lib.lib)
    0x0800a97c   0x0000036c   Code   RO         1509    .text               uCGUI_Lib.lib(lcd.o)(uCGUI_Lib.lib)
    0x0800ace8   0x0000003c   Code   RO         1536    .text               uCGUI_Lib.lib(lcd_drawvline.o)(uCGUI_Lib.lib)
    0x0800ad24   0x00000020   Code   RO         1548    .text               uCGUI_Lib.lib(lcd_l0_generic.o)(uCGUI_Lib.lib)
    0x0800ad44   0x00000030   Code   RO         1560    .text               uCGUI_Lib.lib(lcdinfo0.o)(uCGUI_Lib.lib)
    0x0800ad74   0x0000037c   Code   RO         1572    .text               uCGUI_Lib.lib(guidev.o)(uCGUI_Lib.lib)
    0x0800b0f0   0x00000038   Code   RO         1584    .text               uCGUI_Lib.lib(guidev_clear.o)(uCGUI_Lib.lib)
    0x0800b128   0x0000002c   Code   RO         1596    .text               uCGUI_Lib.lib(guidev_getysize.o)(uCGUI_Lib.lib)
    0x0800b154   0x00000034   Code   RO         1608    .text               uCGUI_Lib.lib(guidev_reduceysize.o)(uCGUI_Lib.lib)
    0x0800b188   0x00000058   Code   RO         1620    .text               uCGUI_Lib.lib(guidev_setorg.o)(uCGUI_Lib.lib)
    0x0800b1e0   0x0000001c   Code   RO         1632    .text               uCGUI_Lib.lib(lcdpm565.o)(uCGUI_Lib.lib)
    0x0800b1fc   0x00000026   Code   RO         1644    .text               uCGUI_Lib.lib(gui_alloc_alloczero.o)(uCGUI_Lib.lib)
    0x0800b222   0x00000038   Code   RO         1656    .text               uCGUI_Lib.lib(gui_rectsintersect.o)(uCGUI_Lib.lib)
    0x0800b25a   0x00000016   Code   RO         1668    .text               uCGUI_Lib.lib(gui_selectlcd.o)(uCGUI_Lib.lib)
    0x0800b270   0x00000324   Code   RO         1680    .text               uCGUI_Lib.lib(guialloc.o)(uCGUI_Lib.lib)
    0x0800b594   0x00000040   Code   RO         1697    .text               uCGUI_Lib.lib(lcdcolor.o)(uCGUI_Lib.lib)
    0x0800b5d4   0x00000034   Code   RO         1716    .text               uCGUI_Lib.lib(lcdpm565_index2color.o)(uCGUI_Lib.lib)
    0x0800b608   0x00000744   Code   RO         1728    .text               uCGUI_Lib.lib(guidev_16.o)(uCGUI_Lib.lib)
    0x0800bd4c   0x0000006c   Code   RO         1770    .text               uCGUI_Lib.lib(guidev_usage.o)(uCGUI_Lib.lib)
    0x0800bdb8   0x000001b8   Code   RO         1782    .text               uCGUI_Lib.lib(guidev_usagebm.o)(uCGUI_Lib.lib)
    0x0800bf70   0x0000004a   Code   RO         1796    .text               uCGUI_Lib.lib(gui__memset.o)(uCGUI_Lib.lib)
    0x0800bfba   0x0000003a   Code   RO         1808    .text               uCGUI_Lib.lib(gui__memset16.o)(uCGUI_Lib.lib)
    0x0800bff4   0x0000001c   Code   RO         1832    .text               uCGUI_Lib.lib(lcd_selectlcd.o)(uCGUI_Lib.lib)
    0x0800c010   0x00000020   Code   RO         1844    .text               uCGUI_Lib.lib(lcd_updatecolorindices.o)(uCGUI_Lib.lib)
    0x0800c030   0x00000040   Code   RO         1873    .text               mc_w.l(memmovea.o)(mc_w.l)
    0x0800c070   0x00000026   Code   RO         1875    .text               mc_w.l(memseta.o)(mc_w.l)
    0x0800c096   0x0000001a   Code   RO         2142    .text               mc_w.l(atoi.o)(mc_w.l)
    0x0800c0b0   0x000000b0   Code   RO         2144    .text               mf_w.l(fadd.o)(mf_w.l)
    0x0800c160   0x0000006c   Code   RO         2146    .text               mf_w.l(fmul.o)(mf_w.l)
    0x0800c1cc   0x00000080   Code   RO         2148    .text               mf_w.l(fdiv.o)(mf_w.l)
    0x0800c24c   0x00000018   Code   RO         2150    .text               mf_w.l(fscalb.o)(mf_w.l)
    0x0800c264   0x0000014a   Code   RO         2152    .text               mf_w.l(dadd.o)(mf_w.l)
    0x0800c3ae   0x000000e2   Code   RO         2154    .text               mf_w.l(dmul.o)(mf_w.l)
    0x0800c490   0x000000de   Code   RO         2156    .text               mf_w.l(ddiv.o)(mf_w.l)
    0x0800c56e   0x0000002e   Code   RO         2158    .text               mf_w.l(dscalb.o)(mf_w.l)
    0x0800c59c   0x0000000a   Code   RO         2160    .text               mf_w.l(ffltui.o)(mf_w.l)
    0x0800c5a6   0x00000022   Code   RO         2162    .text               mf_w.l(dflti.o)(mf_w.l)
    0x0800c5c8   0x0000001a   Code   RO         2164    .text               mf_w.l(dfltui.o)(mf_w.l)
    0x0800c5e2   0x00000032   Code   RO         2166    .text               mf_w.l(ffixi.o)(mf_w.l)
    0x0800c614   0x00000028   Code   RO         2168    .text               mf_w.l(ffixui.o)(mf_w.l)
    0x0800c63c   0x0000002e   Code   RO         2170    .text               mf_w.l(dfixui.o)(mf_w.l)
    0x0800c66a   0x0000002c   Code   RO         2172    .text               mf_w.l(f2d.o)(mf_w.l)
    0x0800c696   0x00000038   Code   RO         2174    .text               mf_w.l(d2f.o)(mf_w.l)
    0x0800c6ce   0x00000002   PAD
    0x0800c6d0   0x00000014   Code   RO         2176    .text               mf_w.l(cfcmple.o)(mf_w.l)
    0x0800c6e4   0x00000014   Code   RO         2178    .text               mf_w.l(cfrcmple.o)(mf_w.l)
    0x0800c6f8   0x0000002c   Code   RO         2200    .text               mc_w.l(uidiv.o)(mc_w.l)
    0x0800c724   0x00000066   Code   RO         2202    .text               mc_w.l(uldiv.o)(mc_w.l)
    0x0800c78a   0x0000001e   Code   RO         2204    .text               mc_w.l(llshl.o)(mc_w.l)
    0x0800c7a8   0x00000020   Code   RO         2206    .text               mc_w.l(llushr.o)(mc_w.l)
    0x0800c7c8   0x00000024   Code   RO         2208    .text               mc_w.l(llsshr.o)(mc_w.l)
    0x0800c7ec   0x00000070   Code   RO         2217    .text               mc_w.l(strtol.o)(mc_w.l)
    0x0800c85c   0x00000000   Code   RO         2219    .text               mc_w.l(iusefp.o)(mc_w.l)
    0x0800c85c   0x00000070   Code   RO         2220    .text               mf_w.l(fepilogue.o)(mf_w.l)
    0x0800c8cc   0x000000c2   Code   RO         2222    .text               mf_w.l(depilogue.o)(mf_w.l)
    0x0800c98e   0x00000030   Code   RO         2224    .text               mf_w.l(dfixul.o)(mf_w.l)
    0x0800c9be   0x00000002   PAD
    0x0800c9c0   0x00000028   Code   RO         2226    .text               mf_w.l(cdrcmple.o)(mf_w.l)
    0x0800c9e8   0x00000024   Code   RO         2234    .text               mc_w.l(init.o)(mc_w.l)
    0x0800ca0c   0x00000008   Code   RO         2236    .text               mc_w.l(ctype_o.o)(mc_w.l)
    0x0800ca14   0x0000009c   Code   RO         2264    .text               mc_w.l(_strtoul.o)(mc_w.l)
    0x0800cab0   0x0000003e   Code   RO         2266    .text               mf_w.l(dfixi.o)(mf_w.l)
    0x0800caee   0x00000020   Code   RO         2268    .text               mc_w.l(_chval.o)(mc_w.l)
    0x0800cb0e   0x00000002   PAD
    0x0800cb10   0x00000020   Code   RO         2114    i.__0printf         mc_w.l(printfa.o)(mc_w.l)
    0x0800cb30   0x00000028   Code   RO         2116    i.__0sprintf        mc_w.l(printfa.o)(mc_w.l)
    0x0800cb58   0x00000028   Code   RO         2230    i.__ARM_fpclassify  m_ws.l(fpclassify.o)(m_ws.l)
    0x0800cb80   0x00000008   Code   RO         2210    i.__aeabi_errno_addr  mc_w.l(errno.o)(mc_w.l)
    0x0800cb88   0x00000388   Code   RO         2183    i.__ieee754_rem_pio2  m_ws.l(rred.o)(m_ws.l)
    0x0800cf10   0x000000fc   Code   RO         2180    i.__kernel_cos      m_ws.l(cos_i.o)(m_ws.l)
    0x0800d00c   0x000000aa   Code   RO         2232    i.__kernel_poly     m_ws.l(poly.o)(m_ws.l)
    0x0800d0b6   0x00000002   PAD
    0x0800d0b8   0x000000f0   Code   RO         2188    i.__kernel_sin      m_ws.l(sin_i.o)(m_ws.l)
    0x0800d1a8   0x00000010   Code   RO         2228    i.__mathlib_dbl_underflow  m_ws.l(dunder.o)(m_ws.l)
    0x0800d1b8   0x0000000e   Code   RO         2272    i.__scatterload_copy  mc_w.l(handlers.o)(mc_w.l)
    0x0800d1c6   0x00000002   Code   RO         2273    i.__scatterload_null  mc_w.l(handlers.o)(mc_w.l)
    0x0800d1c8   0x0000000e   Code   RO         2274    i.__scatterload_zeroinit  mc_w.l(handlers.o)(mc_w.l)
    0x0800d1d6   0x00000002   PAD
    0x0800d1d8   0x0000000c   Code   RO         2212    i.__set_errno       mc_w.l(errno.o)(mc_w.l)
    0x0800d1e4   0x00000154   Code   RO         2121    i._fp_digits        mc_w.l(printfa.o)(mc_w.l)
    0x0800d338   0x000006d4   Code   RO         2122    i._printf_core      mc_w.l(printfa.o)(mc_w.l)
    0x0800da0c   0x00000026   Code   RO         2123    i._printf_post_padding  mc_w.l(printfa.o)(mc_w.l)
    0x0800da32   0x0000002e   Code   RO         2124    i._printf_pre_padding  mc_w.l(printfa.o)(mc_w.l)
    0x0800da60   0x0000000a   Code   RO         2126    i._sputc            mc_w.l(printfa.o)(mc_w.l)
    0x0800da6a   0x00000002   PAD
    0x0800da6c   0x000000dc   Code   RO         1857    i.floor             m_ws.l(floor.o)(m_ws.l)
    0x0800db48   0x000000b0   Code   RO         1861    i.sin               m_ws.l(sin.o)(m_ws.l)
    0x0800dbf8   0x00000040   Data   RO          282    .constdata          dac v2.0.o
    0x0800dc38   0x00000040   Data   RO          283    .constdata          dac v2.0.o
    0x0800dc78   0x00000040   Data   RO          284    .constdata          dac v2.0.o
    0x0800dcb8   0x00000600   Data   RO          377    .constdata          tft_api.o
    0x0800e2b8   0x00000008   Data   RO          720    .constdata          task_gui.o
    0x0800e2c0   0x00000018   Data   RO          765    .constdata          task_rtc.o
    0x0800e2d8   0x00000100   Data   RO          802    .constdata          os_core.o
    0x0800e3d8   0x00000044   Data   RO         1010    .constdata          uCGUI_Lib.lib(gui2dlib.o)(uCGUI_Lib.lib)
    0x0800e41c   0x00000518   Data   RO         1241    .constdata          uCGUI_Lib.lib(f6x8.o)(uCGUI_Lib.lib)
    0x0800e934   0x000001c0   Data   RO         1242    .constdata          uCGUI_Lib.lib(f6x8.o)(uCGUI_Lib.lib)
    0x0800eaf4   0x00000008   Data   RO         1243    .constdata          uCGUI_Lib.lib(f6x8.o)(uCGUI_Lib.lib)
    0x0800eafc   0x00000014   Data   RO         1244    .constdata          uCGUI_Lib.lib(f6x8.o)(uCGUI_Lib.lib)
    0x0800eb10   0x00000020   Data   RO         1245    .constdata          uCGUI_Lib.lib(f6x8.o)(uCGUI_Lib.lib)
    0x0800eb30   0x00000a30   Data   RO         1277    .constdata          uCGUI_Lib.lib(f8x16.o)(uCGUI_Lib.lib)
    0x0800f560   0x000001c0   Data   RO         1278    .constdata          uCGUI_Lib.lib(f8x16.o)(uCGUI_Lib.lib)
    0x0800f720   0x00000008   Data   RO         1279    .constdata          uCGUI_Lib.lib(f8x16.o)(uCGUI_Lib.lib)
    0x0800f728   0x00000014   Data   RO         1280    .constdata          uCGUI_Lib.lib(f8x16.o)(uCGUI_Lib.lib)
    0x0800f73c   0x00000020   Data   RO         1281    .constdata          uCGUI_Lib.lib(f8x16.o)(uCGUI_Lib.lib)
    0x0800f75c   0x00000028   Data   RO         1354    .constdata          uCGUI_Lib.lib(gui_adddecshift.o)(uCGUI_Lib.lib)
    0x0800f784   0x00000010   Data   RO         1427    .constdata          uCGUI_Lib.lib(gui_uc_encodenone.o)(uCGUI_Lib.lib)
    0x0800f794   0x00000040   Data   RO         1522    .constdata          uCGUI_Lib.lib(lcd_api.o)(uCGUI_Lib.lib)
    0x0800f7d4   0x00000020   Data   RO         1729    .constdata          uCGUI_Lib.lib(guidev_16.o)(uCGUI_Lib.lib)
    0x0800f7f4   0x00000040   Data   RO         1730    .constdata          uCGUI_Lib.lib(guidev_16.o)(uCGUI_Lib.lib)
    0x0800f834   0x00000018   Data   RO         1783    .constdata          uCGUI_Lib.lib(guidev_usagebm.o)(uCGUI_Lib.lib)
    0x0800f84c   0x00000100   Data   RO         1820    .constdata          uCGUI_Lib.lib(lcd_mirror.o)(uCGUI_Lib.lib)
    0x0800f94c   0x00000004   PAD
    0x0800f950   0x00000030   Data   RO         2181    .constdata          m_ws.l(cos_i.o)(m_ws.l)
    0x0800f980   0x000000c8   Data   RO         2185    .constdata          m_ws.l(rred.o)(m_ws.l)
    0x0800fa48   0x00000028   Data   RO         2189    .constdata          m_ws.l(sin_i.o)(m_ws.l)
    0x0800fa70   0x00000081   Data   RO         2237    .constdata          mc_w.l(ctype_o.o)(mc_w.l)
    0x0800faf1   0x00000003   PAD
    0x0800faf4   0x00000004   Data   RO         2238    .constdata          mc_w.l(ctype_o.o)(mc_w.l)
    0x0800faf8   0x00000020   Data   RO         2270    Region$$Table       anon$$obj.o


    Execution Region RW_IRAM1 (Base: 0x20000000, Size: 0x000075d8, Max: 0x00010000, ABSOLUTE)

    Base Addr    Size         Type   Attr      Idx    E Section Name        Object

    0x20000000   0x0000000c   Data   RW           12    .data               main.o
    0x2000000c   0x00000008   Data   RW          238    .data               delay v2.0.o
    0x20000014   0x0000000c   Data   RW          299    .data               exti.o
    0x20000020   0x00000004   Data   RW          343    .data               oscilloscope.o
    0x20000024   0x00000024   Data   RW          399    .data               tft_drive.o
    0x20000048   0x00000014   Data   RW          441    .data               stm32f10x_rcc.o
    0x2000005c   0x00000014   Data   RW          624    .data               system_stm32f10x.o
    0x20000070   0x0000000c   Data   RW          721    .data               task_gui.o
    0x2000007c   0x00000002   Data   RW          722    .data               task_gui.o
    0x2000007e   0x00000002   Data   RW          723    .data               task_gui.o
    0x20000080   0x00000002   Data   RW          766    .data               task_rtc.o
    0x20000082   0x00000002   PAD
    0x20000084   0x0000003c   Data   RW          803    .data               os_core.o
    0x200000c0   0x00000014   Data   RW          956    .data               gui_x_ucos.o
    0x200000d4   0x00000001   Data   RW         1177    .data               uCGUI_Lib.lib(guicore.o)(uCGUI_Lib.lib)
    0x200000d5   0x00000003   PAD
    0x200000d8   0x00000004   Data   RW         1180    .data               uCGUI_Lib.lib(guicore.o)(uCGUI_Lib.lib)
    0x200000dc   0x00000004   Data   RW         1181    .data               uCGUI_Lib.lib(guicore.o)(uCGUI_Lib.lib)
    0x200000e0   0x00000004   Data   RW         1374    .data               uCGUI_Lib.lib(gui_fillpolygon.o)(uCGUI_Lib.lib)
    0x200000e4   0x0000000c   Data   RW         1496    .data               uCGUI_Lib.lib(guitask.o)(uCGUI_Lib.lib)
    0x200000f0   0x00000004   Data   RW         1523    .data               uCGUI_Lib.lib(lcd_api.o)(uCGUI_Lib.lib)
    0x200000f4   0x00000001   Data   RW         1682    .data               uCGUI_Lib.lib(guialloc.o)(uCGUI_Lib.lib)
    0x200000f5   0x00000003   PAD
    0x200000f8   0x00000004   Data   RW         2199    .data               mc_w.l(stdout.o)(mc_w.l)
    0x200000fc   0x00000004   Data   RW         2213    .data               mc_w.l(errno.o)(mc_w.l)
    0x20000100   0x00000100   Zero   RW           11    .bss                main.o
    0x20000200   0x00000010   Zero   RW          200    .bss                usart1.o
    0x20000210   0x00000030   PAD
    0x20000240   0x00000320   Zero   RW          265    .bss                adc.o
    0x20000560   0x00000020   PAD
    0x20000580   0x00000040   Zero   RW          281    .bss                dac v2.0.o
    0x200005c0   0x00000040   Zero   RW          376    .bss                tft_api.o
    0x20000600   0x00004400   Zero   RW          658    .bss                app.o
    0x20004a00   0x00000320   Zero   RW          719    .bss                task_gui.o
    0x20004d20   0x00000020   PAD
    0x20004d40   0x00000044   Zero   RW          748    .bss                task_main.o
    0x20004d84   0x0000003c   PAD
    0x20004dc0   0x0000000a   Zero   RW          764    .bss                task_rtc.o
    0x20004dca   0x00000036   PAD
    0x20004e00   0x000008f4   Zero   RW          801    .bss                os_core.o
    0x200056f4   0x00000048   Zero   RW         1176    .bss                uCGUI_Lib.lib(guicore.o)(uCGUI_Lib.lib)
    0x2000573c   0x00000018   Zero   RW         1373    .bss                uCGUI_Lib.lib(gui_fillpolygon.o)(uCGUI_Lib.lib)
    0x20005754   0x00000130   Zero   RW         1495    .bss                uCGUI_Lib.lib(guitask.o)(uCGUI_Lib.lib)
    0x20005884   0x00001750   Zero   RW         1681    .bss                uCGUI_Lib.lib(guialloc.o)(uCGUI_Lib.lib)
    0x20006fd4   0x00000200   Zero   RW         1698    .bss                uCGUI_Lib.lib(lcdcolor.o)(uCGUI_Lib.lib)
    0x200071d4   0x00000004   PAD
    0x200071d8   0x00000400   Zero   RW            1    STACK               startup_stm32f10x_hd.o


==============================================================================

Image component sizes


      Code (inc. data)   RO Data    RW Data    ZI Data      Debug   Object Name

       532         38          0          0        800          0   adc.o
       468         46          0          0      17408          0   app.o
       308         28        192          0         64          0   dac v2.0.o
       208         18          0          8          0          0   delay v2.0.o
       436         44          0         12          0          0   exti.o
       212         10          0         20          0          0   gui_x_ucos.o
       268         10          0          0          0          0   indkey.o
        52          4          0          0          0          0   iwdg.o
      2144         38          0          0          0          0   lcd_gui_interface.o
       176         18          0         12        256          0   main.o
       212         10          0          0          0          0   misc.o
      1796         88        256         60       2292          0   os_core.o
       164         32          0          0          0          0   os_cpu_a.o
       134          0          0          0          0          0   os_cpu_c.o
       880         18          0          0          0          0   os_mbox.o
      1380         44          0          0          0          0   os_mutex.o
       800         16          0          0          0          0   os_sem.o
      1884         70          0          0          0          0   os_task.o
       408         28          0          0          0          0   os_time.o
      1600        212          0          4          0          0   oscilloscope.o
       284         22          0          0          0          0   pincfg.o
        36          8        304          0       1024          0   startup_stm32f10x_hd.o
       936         14          0          0          0          0   stm32f10x_adc.o
       160         28          0          0          0          0   stm32f10x_bkp.o
       336          8          0          0          0          0   stm32f10x_dac.o
       544         54          0          0          0          0   stm32f10x_dma.o
       264         20          0          0          0          0   stm32f10x_exti.o
      1310         18          0          0          0          0   stm32f10x_fsmc.o
       724         12          0          0          0          0   stm32f10x_gpio.o
        16          0          0          0          0          0   stm32f10x_it.o
        60          6          0          0          0          0   stm32f10x_iwdg.o
       184         16          0          0          0          0   stm32f10x_pwr.o
       764         40          0         20          0          0   stm32f10x_rcc.o
       288         28          0          0          0          0   stm32f10x_rtc.o
       728         10          0          0          0          0   stm32f10x_spi.o
      3102         14          0          0          0          0   stm32f10x_tim.o
       948          6          0          0          0          0   stm32f10x_usart.o
       356         32          0         20          0          0   system_stm32f10x.o
      4828        428          8         16        800          0   task_gui.o
      1572        478          0          0         68          0   task_main.o
      1156         86         24          2         10          0   task_rtc.o
      2104         24       1536          0         64          0   tft_api.o
       748         20          0         36          0          0   tft_drive.o
       236         18          0          0          0          0   timer.o
       800         32          0          0          0          0   tsc2046.o
       796         26          0          0         16          0   usart1.o

    ----------------------------------------------------------------------
     37348       2220       2352        212      23028          0   Object Totals
         0          0         32          0          0          0   (incl. Generated)
         6          0          0          2        226          0   (incl. Padding)

    ----------------------------------------------------------------------

      Code (inc. data)   RO Data    RW Data    ZI Data      Debug   Library Member Name

       252         22         48          0          0          0   cos_i.o
        16          6          0          0          0          0   dunder.o
       220         16          0          0          0          0   floor.o
        40          0          0          0          0          0   fpclassify.o
       170          0          0          0          0          0   poly.o
       904         72        200          0          0          0   rred.o
       176         10          0          0          0          0   sin.o
       240         14         40          0          0          0   sin_i.o
        32          0          0          0          0          0   _chval.o
       156          0          0          0          0          0   _strtoul.o
        26          0          0          0          0          0   atoi.o
         8          4        133          0          0          0   ctype_o.o
         0          0          0          0          0          0   entry.o
         8          4          0          0          0          0   entry2.o
         4          0          0          0          0          0   entry5.o
         8          4          0          0          0          0   entry7.o
        20         10          0          4          0          0   errno.o
        30          0          0          0          0          0   handlers.o
        36          8          0          0          0          0   init.o
         0          0          0          0          0          0   iusefp.o
        30          0          0          0          0          0   llshl.o
        36          0          0          0          0          0   llsshr.o
        32          0          0          0          0          0   llushr.o
        64          0          0          0          0          0   memmovea.o
        38          0          0          0          0          0   memseta.o
      2254         98          0          0          0          0   printfa.o
         0          0          0          4          0          0   stdout.o
       112          0          0          0          0          0   strtol.o
        44          0          0          0          0          0   uidiv.o
       102          0          0          0          0          0   uldiv.o
        40          2          0          0          0          0   cdrcmple.o
        20          0          0          0          0          0   cfcmple.o
        20          0          0          0          0          0   cfrcmple.o
        56          0          0          0          0          0   d2f.o
       330          0          0          0          0          0   dadd.o
       222          0          0          0          0          0   ddiv.o
       194          0          0          0          0          0   depilogue.o
        62          0          0          0          0          0   dfixi.o
        46          0          0          0          0          0   dfixui.o
        48          0          0          0          0          0   dfixul.o
        34          0          0          0          0          0   dflti.o
        26          0          0          0          0          0   dfltui.o
       226          0          0          0          0          0   dmul.o
        46          0          0          0          0          0   dscalb.o
        44          0          0          0          0          0   f2d.o
       176          0          0          0          0          0   fadd.o
       128          0          0          0          0          0   fdiv.o
       112          0          0          0          0          0   fepilogue.o
        50          0          0          0          0          0   ffixi.o
        40          0          0          0          0          0   ffixui.o
        10          0          0          0          0          0   ffltui.o
       108          0          0          0          0          0   fmul.o
        24          0          0          0          0          0   fscalb.o
         0          0       1812          0          0          0   f6x8.o
         0          0       3116          0          0          0   f8x16.o
      1312         16         68          0          0          0   gui2dlib.o
        74          0          0          0          0          0   gui__memset.o
        58          0          0          0          0          0   gui__memset16.o
        26          0          0          0          0          0   gui_adddecmin.o
       188         10         40          0          0          0   gui_adddecshift.o
        38          0          0          0          0          0   gui_alloc_alloczero.o
       248          4          0          0          0          0   gui_dispstring.o
        36          4          0          0          0          0   gui_dispstringat.o
        52          6          0          0          0          0   gui_dispstringhcenter.o
       196          4          0          0          0          0   gui_drawgraph.o
        30          0          0          0          0          0   gui_drawhline.o
        30          0          0          0          0          0   gui_drawvline.o
       512         14          0          4         24          0   gui_fillpolygon.o
        76          6          0          0          0          0   gui_goto.o
        56          0          0          0          0          0   gui_rectsintersect.o
        22          0          0          0          0          0   gui_selectlcd.o
        44          0          0          0          0          0   gui_setcolor.o
        28          4          0          0          0          0   gui_setfont.o
        28          4          0          0          0          0   gui_settextalign.o
        28          4          0          0          0          0   gui_settextmode.o
       212          4          0          0          0          0   gui_uc.o
        48         10         16          0          0          0   gui_uc_encodenone.o
       804         18          0          1       5968          0   guialloc.o
       192         10          0          0          0          0   guichar.o
       216         12          0          0          0          0   guicharline.o
       344          6          0          0          0          0   guicharm.o
       754          0          0          0          0          0   guicirc.o
       180         20          0          9         72          0   guicore.o
       892         12          0          0          0          0   guidev.o
      1860         20         96          0          0          0   guidev_16.o
       244          0          0          0          0          0   guidev_banding.o
        56          4          0          0          0          0   guidev_clear.o
        44          6          0          0          0          0   guidev_getysize.o
        52          4          0          0          0          0   guidev_reduceysize.o
        88          4          0          0          0          0   guidev_setorg.o
       108          4          0          0          0          0   guidev_usage.o
       440          4         24          0          0          0   guidev_usagebm.o
       232         14          0         12        304          0   guitask.o
       188          0          0          0          0          0   guival.o
       268          6          0          0          0          0   guivalf.o
       876         10          0          0          0          0   lcd.o
         0          0         64          4          0          0   lcd_api.o
        60          4          0          0          0          0   lcd_drawvline.o
        32          0          0          0          0          0   lcd_l0_generic.o
         0          0        256          0          0          0   lcd_mirror.o
        28          8          0          0          0          0   lcd_selectlcd.o
        32          4          0          0          0          0   lcd_updatecolorindices.o
        64          6          0          0        512          0   lcdcolor.o
        48          0          0          0          0          0   lcdinfo0.o
        28          0          0          0          0          0   lcdpm565.o
        52          0          0          0          0          0   lcdpm565_index2color.o

    ----------------------------------------------------------------------
     18660        536       5920         44       6884          0   Library Totals
        16          0          7          6          4          0   (incl. Padding)

    ----------------------------------------------------------------------

      Code (inc. data)   RO Data    RW Data    ZI Data      Debug   Library Name

      2018        140        288          0          0        836   m_ws.l
      3040        128        133          8          0       1772   mc_w.l
      2062          2          0          0          0       2080   mf_w.l
     11524        266       5492         30       6880     188784   uCGUI_Lib.lib

    ----------------------------------------------------------------------
     18660        536       5920         44       6884          0   Library Totals

    ----------------------------------------------------------------------

==============================================================================


      Code (inc. data)   RO Data    RW Data    ZI Data      Debug   

     56008       2756       8272        256      29912     701188   Grand Totals
     56008       2756       8272        256      29912     701188   ELF Image Totals
     56008       2756       8272        256          0          0   ROM Totals

==============================================================================

    Total RO  Size (Code + RO Data)                64280 (  62.77kB)
    Total RW  Size (RW Data + ZI Data)             30168 (  29.46kB)
    Total ROM Size (Code + RO Data + RW Data)      64536 (  63.02kB)

==============================================================================

